17:08:26 **** Incremental Build of configuration Nios II for project courbe_colorimetrie ****
make all 
Info: Building ../courbe_colorimetrie_bsp/
C:/altera/15.0/nios2eds/bin/gnu/H-x86_64-mingw32/bin/make --no-print-directory -C ../courbe_colorimetrie_bsp/
[BSP build complete]
[courbe_colorimetrie build complete]
17:08:28 **** Incremental Build of configuration Nios II for project courbe_colorimetrie ****
make all 
Info: Building ../courbe_colorimetrie_bsp/
C:/altera/15.0/nios2eds/bin/gnu/H-x86_64-mingw32/bin/make --no-print-directory -C ../courbe_colorimetrie_bsp/
[BSP build complete]
[courbe_colorimetrie build complete]
17:09:08 **** Incremental Build of configuration Nios II for project courbe_colorimetrie ****
make all 
Info: Building ../courbe_colorimetrie_bsp/
C:/altera/15.0/nios2eds/bin/gnu/H-x86_64-mingw32/bin/make --no-print-directory -C ../courbe_colorimetrie_bsp/
[BSP build complete]
[courbe_colorimetrie build complete]
17:10:15 **** Incremental Build of configuration Nios II for project courbe_colorimetrie ****
make all 
Info: Building ../courbe_colorimetrie_bsp/
C:/altera/15.0/nios2eds/bin/gnu/H-x86_64-mingw32/bin/make --no-print-directory -C ../courbe_colorimetrie_bsp/
[BSP build complete]
[courbe_colorimetrie build complete]
17:10:51 **** Incremental Build of configuration Nios II for project courbe_colorimetrie ****
make all 
Info: Building ../courbe_colorimetrie_bsp/
C:/altera/15.0/nios2eds/bin/gnu/H-x86_64-mingw32/bin/make --no-print-directory -C ../courbe_colorimetrie_bsp/
[BSP build complete]
[courbe_colorimetrie build complete]
17:16:08 **** Incremental Build of configuration Nios II for project courbe_colorimetrie ****
make all 
Info: Building ../courbe_colorimetrie_bsp/
C:/altera/15.0/nios2eds/bin/gnu/H-x86_64-mingw32/bin/make --no-print-directory -C ../courbe_colorimetrie_bsp/
[BSP build complete]
Info: Compiling display.c to obj/default/display.o
nios2-elf-gcc -xc -MP -MMD -c -I../courbe_colorimetrie_bsp//HAL/inc -I../courbe_colorimetrie_bsp/ -I../courbe_colorimetrie_bsp//drivers/inc  -pipe -D__hal__ -DALT_NO_INSTRUCTION_EMULATION -DALT_SINGLE_THREADED    -O0 -g -Wall   -mno-hw-div -mhw-mul -mno-hw-mulx  -o obj/default/display.o display.c
Info: Compiling hello_world.c to obj/default/hello_world.o
nios2-elf-gcc -xc -MP -MMD -c -I../courbe_colorimetrie_bsp//HAL/inc -I../courbe_colorimetrie_bsp/ -I../courbe_colorimetrie_bsp//drivers/inc  -pipe -D__hal__ -DALT_NO_INSTRUCTION_EMULATION -DALT_SINGLE_THREADED    -O0 -g -Wall   -mno-hw-div -mhw-mul -mno-hw-mulx  -o obj/default/hello_world.o hello_world.c
hello_world.c: In function 'main':
hello_world.c:18:11: warning: variable 'b_value' set but not used [-Wunused-but-set-variable]
   uint8_t b_value;
           ^
Info: Linking courbe_colorimetrie.elf
nios2-elf-g++  -T'../courbe_colorimetrie_bsp//linker.x' -msys-crt0='../courbe_colorimetrie_bsp//obj/HAL/src/crt0.o' -msys-lib=hal_bsp -L../courbe_colorimetrie_bsp/   -Wl,-Map=courbe_colorimetrie.map   -O0 -g -Wall   -mno-hw-div -mhw-mul -mno-hw-mulx  -o courbe_colorimetrie.elf obj/default/display.o obj/default/hello_world.o -lm -msys-lib=m
nios2-elf-insert courbe_colorimetrie.elf --thread_model hal --cpu_name nios2_gen2_0 --qsys true --simulation_enabled false --id 0 --sidp 0x41050 --timestamp 1770327700 --stderr_dev jtag_uart_0 --stdin_dev jtag_uart_0 --stdout_dev jtag_uart_0 --sopc_system_name niosii --quartus_project_dir "C:/Users/Kelly/akelly/ENSEA/3A/MASTER/uec13_videocapsule/videocapsule/sopc" --sopcinfo C:/Users/Kelly/akelly/ENSEA/3A/MASTER/uec13_videocapsule/videocapsule/sopc/software/courbe_colorimetrie_bsp/../../niosii.sopcinfo
Info: (courbe_colorimetrie.elf) 30 KBytes program size (code + initialized data).
Info:                           91 KBytes free for stack + heap.
Info: Creating courbe_colorimetrie.objdump
nios2-elf-objdump --disassemble --syms --all-header --source courbe_colorimetrie.elf >courbe_colorimetrie.objdump
[courbe_colorimetrie build complete]
17:25:13 **** Incremental Build of configuration Nios II for project courbe_colorimetrie ****
make all 
Info: Building ../courbe_colorimetrie_bsp/
C:/altera/15.0/nios2eds/bin/gnu/H-x86_64-mingw32/bin/make --no-print-directory -C ../courbe_colorimetrie_bsp/
[BSP build complete]
Info: Compiling display.c to obj/default/display.o
nios2-elf-gcc -xc -MP -MMD -c -I../courbe_colorimetrie_bsp//HAL/inc -I../courbe_colorimetrie_bsp/ -I../courbe_colorimetrie_bsp//drivers/inc  -pipe -D__hal__ -DALT_NO_INSTRUCTION_EMULATION -DALT_SINGLE_THREADED    -O0 -g -Wall   -mno-hw-div -mhw-mul -mno-hw-mulx  -o obj/default/display.o display.c
Info: Compiling hello_world.c to obj/default/hello_world.o
nios2-elf-gcc -xc -MP -MMD -c -I../courbe_colorimetrie_bsp//HAL/inc -I../courbe_colorimetrie_bsp/ -I../courbe_colorimetrie_bsp//drivers/inc  -pipe -D__hal__ -DALT_NO_INSTRUCTION_EMULATION -DALT_SINGLE_THREADED    -O0 -g -Wall   -mno-hw-div -mhw-mul -mno-hw-mulx  -o obj/default/hello_world.o hello_world.c
Info: Linking courbe_colorimetrie.elf
nios2-elf-g++  -T'../courbe_colorimetrie_bsp//linker.x' -msys-crt0='../courbe_colorimetrie_bsp//obj/HAL/src/crt0.o' -msys-lib=hal_bsp -L../courbe_colorimetrie_bsp/   -Wl,-Map=courbe_colorimetrie.map   -O0 -g -Wall   -mno-hw-div -mhw-mul -mno-hw-mulx  -o courbe_colorimetrie.elf obj/default/display.o obj/default/hello_world.o -lm -msys-lib=m
obj/default/hello_world.o: In function `main':
C:\Users\Kelly\akelly\ENSEA\3A\MASTER\uec13_videocapsule\videocapsule\sopc\software\courbe_colorimetrie/hello_world.c:24: undefined reference to `display_clean'
C:\Users\Kelly\akelly\ENSEA\3A\MASTER\uec13_videocapsule\videocapsule\sopc\software\courbe_colorimetrie/hello_world.c:25: undefined reference to `display_repere'
collect2.exe: error: ld returned 1 exit status
make: *** [courbe_colorimetrie.elf] Error 1
17:25:38 **** Incremental Build of configuration Nios II for project courbe_colorimetrie ****
make all 
Info: Building ../courbe_colorimetrie_bsp/
C:/altera/15.0/nios2eds/bin/gnu/H-x86_64-mingw32/bin/make --no-print-directory -C ../courbe_colorimetrie_bsp/
[BSP build complete]
Info: Compiling display.c to obj/default/display.o
nios2-elf-gcc -xc -MP -MMD -c -I../courbe_colorimetrie_bsp//HAL/inc -I../courbe_colorimetrie_bsp/ -I../courbe_colorimetrie_bsp//drivers/inc  -pipe -D__hal__ -DALT_NO_INSTRUCTION_EMULATION -DALT_SINGLE_THREADED    -O0 -g -Wall   -mno-hw-div -mhw-mul -mno-hw-mulx  -o obj/default/display.o display.c
Info: Linking courbe_colorimetrie.elf
nios2-elf-g++  -T'../courbe_colorimetrie_bsp//linker.x' -msys-crt0='../courbe_colorimetrie_bsp//obj/HAL/src/crt0.o' -msys-lib=hal_bsp -L../courbe_colorimetrie_bsp/   -Wl,-Map=courbe_colorimetrie.map   -O0 -g -Wall   -mno-hw-div -mhw-mul -mno-hw-mulx  -o courbe_colorimetrie.elf obj/default/display.o obj/default/hello_world.o -lm -msys-lib=m
nios2-elf-insert courbe_colorimetrie.elf --thread_model hal --cpu_name nios2_gen2_0 --qsys true --simulation_enabled false --id 0 --sidp 0x41050 --timestamp 1770327700 --stderr_dev jtag_uart_0 --stdin_dev jtag_uart_0 --stdout_dev jtag_uart_0 --sopc_system_name niosii --quartus_project_dir "C:/Users/Kelly/akelly/ENSEA/3A/MASTER/uec13_videocapsule/videocapsule/sopc" --sopcinfo C:/Users/Kelly/akelly/ENSEA/3A/MASTER/uec13_videocapsule/videocapsule/sopc/software/courbe_colorimetrie_bsp/../../niosii.sopcinfo
Info: (courbe_colorimetrie.elf) 30 KBytes program size (code + initialized data).
Info:                           91 KBytes free for stack + heap.
Info: Creating courbe_colorimetrie.objdump
nios2-elf-objdump --disassemble --syms --all-header --source courbe_colorimetrie.elf >courbe_colorimetrie.objdump
[courbe_colorimetrie build complete]
17:27:55 **** Incremental Build of configuration Nios II for project courbe_colorimetrie ****
make all 
Info: Building ../courbe_colorimetrie_bsp/
C:/altera/15.0/nios2eds/bin/gnu/H-x86_64-mingw32/bin/make --no-print-directory -C ../courbe_colorimetrie_bsp/
[BSP build complete]
Info: Compiling hello_world.c to obj/default/hello_world.o
nios2-elf-gcc -xc -MP -MMD -c -I../courbe_colorimetrie_bsp//HAL/inc -I../courbe_colorimetrie_bsp/ -I../courbe_colorimetrie_bsp//drivers/inc  -pipe -D__hal__ -DALT_NO_INSTRUCTION_EMULATION -DALT_SINGLE_THREADED    -O0 -g -Wall   -mno-hw-div -mhw-mul -mno-hw-mulx  -o obj/default/hello_world.o hello_world.c
Info: Linking courbe_colorimetrie.elf
nios2-elf-g++  -T'../courbe_colorimetrie_bsp//linker.x' -msys-crt0='../courbe_colorimetrie_bsp//obj/HAL/src/crt0.o' -msys-lib=hal_bsp -L../courbe_colorimetrie_bsp/   -Wl,-Map=courbe_colorimetrie.map   -O0 -g -Wall   -mno-hw-div -mhw-mul -mno-hw-mulx  -o courbe_colorimetrie.elf obj/default/display.o obj/default/hello_world.o -lm -msys-lib=m
nios2-elf-insert courbe_colorimetrie.elf --thread_model hal --cpu_name nios2_gen2_0 --qsys true --simulation_enabled false --id 0 --sidp 0x41050 --timestamp 1770327700 --stderr_dev jtag_uart_0 --stdin_dev jtag_uart_0 --stdout_dev jtag_uart_0 --sopc_system_name niosii --quartus_project_dir "C:/Users/Kelly/akelly/ENSEA/3A/MASTER/uec13_videocapsule/videocapsule/sopc" --sopcinfo C:/Users/Kelly/akelly/ENSEA/3A/MASTER/uec13_videocapsule/videocapsule/sopc/software/courbe_colorimetrie_bsp/../../niosii.sopcinfo
Info: (courbe_colorimetrie.elf) 30 KBytes program size (code + initialized data).
Info:                           91 KBytes free for stack + heap.
Info: Creating courbe_colorimetrie.objdump
nios2-elf-objdump --disassemble --syms --all-header --source courbe_colorimetrie.elf >courbe_colorimetrie.objdump
[courbe_colorimetrie build complete]
17:28:17 **** Incremental Build of configuration Nios II for project courbe_colorimetrie ****
make all 
Info: Building ../courbe_colorimetrie_bsp/
C:/altera/15.0/nios2eds/bin/gnu/H-x86_64-mingw32/bin/make --no-print-directory -C ../courbe_colorimetrie_bsp/
[BSP build complete]
Info: Compiling hello_world.c to obj/default/hello_world.o
nios2-elf-gcc -xc -MP -MMD -c -I../courbe_colorimetrie_bsp//HAL/inc -I../courbe_colorimetrie_bsp/ -I../courbe_colorimetrie_bsp//drivers/inc  -pipe -D__hal__ -DALT_NO_INSTRUCTION_EMULATION -DALT_SINGLE_THREADED    -O0 -g -Wall   -mno-hw-div -mhw-mul -mno-hw-mulx  -o obj/default/hello_world.o hello_world.c
Info: Linking courbe_colorimetrie.elf
nios2-elf-g++  -T'../courbe_colorimetrie_bsp//linker.x' -msys-crt0='../courbe_colorimetrie_bsp//obj/HAL/src/crt0.o' -msys-lib=hal_bsp -L../courbe_colorimetrie_bsp/   -Wl,-Map=courbe_colorimetrie.map   -O0 -g -Wall   -mno-hw-div -mhw-mul -mno-hw-mulx  -o courbe_colorimetrie.elf obj/default/display.o obj/default/hello_world.o -lm -msys-lib=m
nios2-elf-insert courbe_colorimetrie.elf --thread_model hal --cpu_name nios2_gen2_0 --qsys true --simulation_enabled false --id 0 --sidp 0x41050 --timestamp 1770327700 --stderr_dev jtag_uart_0 --stdin_dev jtag_uart_0 --stdout_dev jtag_uart_0 --sopc_system_name niosii --quartus_project_dir "C:/Users/Kelly/akelly/ENSEA/3A/MASTER/uec13_videocapsule/videocapsule/sopc" --sopcinfo C:/Users/Kelly/akelly/ENSEA/3A/MASTER/uec13_videocapsule/videocapsule/sopc/software/courbe_colorimetrie_bsp/../../niosii.sopcinfo
Info: (courbe_colorimetrie.elf) 30 KBytes program size (code + initialized data).
Info:                           91 KBytes free for stack + heap.
Info: Creating courbe_colorimetrie.objdump
nios2-elf-objdump --disassemble --syms --all-header --source courbe_colorimetrie.elf >courbe_colorimetrie.objdump
[courbe_colorimetrie build complete]
17:29:45 **** Incremental Build of configuration Nios II for project courbe_colorimetrie ****
make all 
Info: Building ../courbe_colorimetrie_bsp/
C:/altera/15.0/nios2eds/bin/gnu/H-x86_64-mingw32/bin/make --no-print-directory -C ../courbe_colorimetrie_bsp/
[BSP build complete]
Info: Compiling hello_world.c to obj/default/hello_world.o
nios2-elf-gcc -xc -MP -MMD -c -I../courbe_colorimetrie_bsp//HAL/inc -I../courbe_colorimetrie_bsp/ -I../courbe_colorimetrie_bsp//drivers/inc  -pipe -D__hal__ -DALT_NO_INSTRUCTION_EMULATION -DALT_SINGLE_THREADED    -O0 -g -Wall   -mno-hw-div -mhw-mul -mno-hw-mulx  -o obj/default/hello_world.o hello_world.c
Info: Linking courbe_colorimetrie.elf
nios2-elf-g++  -T'../courbe_colorimetrie_bsp//linker.x' -msys-crt0='../courbe_colorimetrie_bsp//obj/HAL/src/crt0.o' -msys-lib=hal_bsp -L../courbe_colorimetrie_bsp/   -Wl,-Map=courbe_colorimetrie.map   -O0 -g -Wall   -mno-hw-div -mhw-mul -mno-hw-mulx  -o courbe_colorimetrie.elf obj/default/display.o obj/default/hello_world.o -lm -msys-lib=m
nios2-elf-insert courbe_colorimetrie.elf --thread_model hal --cpu_name nios2_gen2_0 --qsys true --simulation_enabled false --id 0 --sidp 0x41050 --timestamp 1770327700 --stderr_dev jtag_uart_0 --stdin_dev jtag_uart_0 --stdout_dev jtag_uart_0 --sopc_system_name niosii --quartus_project_dir "C:/Users/Kelly/akelly/ENSEA/3A/MASTER/uec13_videocapsule/videocapsule/sopc" --sopcinfo C:/Users/Kelly/akelly/ENSEA/3A/MASTER/uec13_videocapsule/videocapsule/sopc/software/courbe_colorimetrie_bsp/../../niosii.sopcinfo
Info: (courbe_colorimetrie.elf) 30 KBytes program size (code + initialized data).
Info:                           91 KBytes free for stack + heap.
Info: Creating courbe_colorimetrie.objdump
nios2-elf-objdump --disassemble --syms --all-header --source courbe_colorimetrie.elf >courbe_colorimetrie.objdump
[courbe_colorimetrie build complete]
17:30:44 **** Incremental Build of configuration Nios II for project courbe_colorimetrie ****
make all 
Info: Building ../courbe_colorimetrie_bsp/
C:/altera/15.0/nios2eds/bin/gnu/H-x86_64-mingw32/bin/make --no-print-directory -C ../courbe_colorimetrie_bsp/
[BSP build complete]
Info: Compiling hello_world.c to obj/default/hello_world.o
nios2-elf-gcc -xc -MP -MMD -c -I../courbe_colorimetrie_bsp//HAL/inc -I../courbe_colorimetrie_bsp/ -I../courbe_colorimetrie_bsp//drivers/inc  -pipe -D__hal__ -DALT_NO_INSTRUCTION_EMULATION -DALT_SINGLE_THREADED    -O0 -g -Wall   -mno-hw-div -mhw-mul -mno-hw-mulx  -o obj/default/hello_world.o hello_world.c
Info: Linking courbe_colorimetrie.elf
nios2-elf-g++  -T'../courbe_colorimetrie_bsp//linker.x' -msys-crt0='../courbe_colorimetrie_bsp//obj/HAL/src/crt0.o' -msys-lib=hal_bsp -L../courbe_colorimetrie_bsp/   -Wl,-Map=courbe_colorimetrie.map   -O0 -g -Wall   -mno-hw-div -mhw-mul -mno-hw-mulx  -o courbe_colorimetrie.elf obj/default/display.o obj/default/hello_world.o -lm -msys-lib=m
nios2-elf-insert courbe_colorimetrie.elf --thread_model hal --cpu_name nios2_gen2_0 --qsys true --simulation_enabled false --id 0 --sidp 0x41050 --timestamp 1770327700 --stderr_dev jtag_uart_0 --stdin_dev jtag_uart_0 --stdout_dev jtag_uart_0 --sopc_system_name niosii --quartus_project_dir "C:/Users/Kelly/akelly/ENSEA/3A/MASTER/uec13_videocapsule/videocapsule/sopc" --sopcinfo C:/Users/Kelly/akelly/ENSEA/3A/MASTER/uec13_videocapsule/videocapsule/sopc/software/courbe_colorimetrie_bsp/../../niosii.sopcinfo
Info: (courbe_colorimetrie.elf) 30 KBytes program size (code + initialized data).
Info:                           91 KBytes free for stack + heap.
Info: Creating courbe_colorimetrie.objdump
nios2-elf-objdump --disassemble --syms --all-header --source courbe_colorimetrie.elf >courbe_colorimetrie.objdump
[courbe_colorimetrie build complete]
17:32:07 **** Incremental Build of configuration Nios II for project courbe_colorimetrie ****
make all 
Info: Building ../courbe_colorimetrie_bsp/
C:/altera/15.0/nios2eds/bin/gnu/H-x86_64-mingw32/bin/make --no-print-directory -C ../courbe_colorimetrie_bsp/
[BSP build complete]
Info: Compiling hello_world.c to obj/default/hello_world.o
nios2-elf-gcc -xc -MP -MMD -c -I../courbe_colorimetrie_bsp//HAL/inc -I../courbe_colorimetrie_bsp/ -I../courbe_colorimetrie_bsp//drivers/inc  -pipe -D__hal__ -DALT_NO_INSTRUCTION_EMULATION -DALT_SINGLE_THREADED    -O0 -g -Wall   -mno-hw-div -mhw-mul -mno-hw-mulx  -o obj/default/hello_world.o hello_world.c
Info: Linking courbe_colorimetrie.elf
nios2-elf-g++  -T'../courbe_colorimetrie_bsp//linker.x' -msys-crt0='../courbe_colorimetrie_bsp//obj/HAL/src/crt0.o' -msys-lib=hal_bsp -L../courbe_colorimetrie_bsp/   -Wl,-Map=courbe_colorimetrie.map   -O0 -g -Wall   -mno-hw-div -mhw-mul -mno-hw-mulx  -o courbe_colorimetrie.elf obj/default/display.o obj/default/hello_world.o -lm -msys-lib=m
nios2-elf-insert courbe_colorimetrie.elf --thread_model hal --cpu_name nios2_gen2_0 --qsys true --simulation_enabled false --id 0 --sidp 0x41050 --timestamp 1770327700 --stderr_dev jtag_uart_0 --stdin_dev jtag_uart_0 --stdout_dev jtag_uart_0 --sopc_system_name niosii --quartus_project_dir "C:/Users/Kelly/akelly/ENSEA/3A/MASTER/uec13_videocapsule/videocapsule/sopc" --sopcinfo C:/Users/Kelly/akelly/ENSEA/3A/MASTER/uec13_videocapsule/videocapsule/sopc/software/courbe_colorimetrie_bsp/../../niosii.sopcinfo
Info: (courbe_colorimetrie.elf) 30 KBytes program size (code + initialized data).
Info:                           91 KBytes free for stack + heap.
Info: Creating courbe_colorimetrie.objdump
nios2-elf-objdump --disassemble --syms --all-header --source courbe_colorimetrie.elf >courbe_colorimetrie.objdump
[courbe_colorimetrie build complete]
17:32:39 **** Incremental Build of configuration Nios II for project courbe_colorimetrie ****
make all 
Info: Building ../courbe_colorimetrie_bsp/
C:/altera/15.0/nios2eds/bin/gnu/H-x86_64-mingw32/bin/make --no-print-directory -C ../courbe_colorimetrie_bsp/
[BSP build complete]
Info: Compiling hello_world.c to obj/default/hello_world.o
nios2-elf-gcc -xc -MP -MMD -c -I../courbe_colorimetrie_bsp//HAL/inc -I../courbe_colorimetrie_bsp/ -I../courbe_colorimetrie_bsp//drivers/inc  -pipe -D__hal__ -DALT_NO_INSTRUCTION_EMULATION -DALT_SINGLE_THREADED    -O0 -g -Wall   -mno-hw-div -mhw-mul -mno-hw-mulx  -o obj/default/hello_world.o hello_world.c
Info: Linking courbe_colorimetrie.elf
nios2-elf-g++  -T'../courbe_colorimetrie_bsp//linker.x' -msys-crt0='../courbe_colorimetrie_bsp//obj/HAL/src/crt0.o' -msys-lib=hal_bsp -L../courbe_colorimetrie_bsp/   -Wl,-Map=courbe_colorimetrie.map   -O0 -g -Wall   -mno-hw-div -mhw-mul -mno-hw-mulx  -o courbe_colorimetrie.elf obj/default/display.o obj/default/hello_world.o -lm -msys-lib=m
nios2-elf-insert courbe_colorimetrie.elf --thread_model hal --cpu_name nios2_gen2_0 --qsys true --simulation_enabled false --id 0 --sidp 0x41050 --timestamp 1770327700 --stderr_dev jtag_uart_0 --stdin_dev jtag_uart_0 --stdout_dev jtag_uart_0 --sopc_system_name niosii --quartus_project_dir "C:/Users/Kelly/akelly/ENSEA/3A/MASTER/uec13_videocapsule/videocapsule/sopc" --sopcinfo C:/Users/Kelly/akelly/ENSEA/3A/MASTER/uec13_videocapsule/videocapsule/sopc/software/courbe_colorimetrie_bsp/../../niosii.sopcinfo
Info: (courbe_colorimetrie.elf) 30 KBytes program size (code + initialized data).
Info:                           91 KBytes free for stack + heap.
Info: Creating courbe_colorimetrie.objdump
nios2-elf-objdump --disassemble --syms --all-header --source courbe_colorimetrie.elf >courbe_colorimetrie.objdump
[courbe_colorimetrie build complete]
17:33:40 **** Incremental Build of configuration Nios II for project courbe_colorimetrie ****
make all 
Info: Building ../courbe_colorimetrie_bsp/
C:/altera/15.0/nios2eds/bin/gnu/H-x86_64-mingw32/bin/make --no-print-directory -C ../courbe_colorimetrie_bsp/
[BSP build complete]
Info: Compiling hello_world.c to obj/default/hello_world.o
nios2-elf-gcc -xc -MP -MMD -c -I../courbe_colorimetrie_bsp//HAL/inc -I../courbe_colorimetrie_bsp/ -I../courbe_colorimetrie_bsp//drivers/inc  -pipe -D__hal__ -DALT_NO_INSTRUCTION_EMULATION -DALT_SINGLE_THREADED    -O0 -g -Wall   -mno-hw-div -mhw-mul -mno-hw-mulx  -o obj/default/hello_world.o hello_world.c
Info: Linking courbe_colorimetrie.elf
nios2-elf-g++  -T'../courbe_colorimetrie_bsp//linker.x' -msys-crt0='../courbe_colorimetrie_bsp//obj/HAL/src/crt0.o' -msys-lib=hal_bsp -L../courbe_colorimetrie_bsp/   -Wl,-Map=courbe_colorimetrie.map   -O0 -g -Wall   -mno-hw-div -mhw-mul -mno-hw-mulx  -o courbe_colorimetrie.elf obj/default/display.o obj/default/hello_world.o -lm -msys-lib=m
nios2-elf-insert courbe_colorimetrie.elf --thread_model hal --cpu_name nios2_gen2_0 --qsys true --simulation_enabled false --id 0 --sidp 0x41050 --timestamp 1770327700 --stderr_dev jtag_uart_0 --stdin_dev jtag_uart_0 --stdout_dev jtag_uart_0 --sopc_system_name niosii --quartus_project_dir "C:/Users/Kelly/akelly/ENSEA/3A/MASTER/uec13_videocapsule/videocapsule/sopc" --sopcinfo C:/Users/Kelly/akelly/ENSEA/3A/MASTER/uec13_videocapsule/videocapsule/sopc/software/courbe_colorimetrie_bsp/../../niosii.sopcinfo
Info: (courbe_colorimetrie.elf) 30 KBytes program size (code + initialized data).
Info:                           91 KBytes free for stack + heap.
Info: Creating courbe_colorimetrie.objdump
nios2-elf-objdump --disassemble --syms --all-header --source courbe_colorimetrie.elf >courbe_colorimetrie.objdump
[courbe_colorimetrie build complete]
17:35:21 **** Incremental Build of configuration Nios II for project courbe_colorimetrie ****
make all 
Info: Building ../courbe_colorimetrie_bsp/
C:/altera/15.0/nios2eds/bin/gnu/H-x86_64-mingw32/bin/make --no-print-directory -C ../courbe_colorimetrie_bsp/
[BSP build complete]
Info: Compiling hello_world.c to obj/default/hello_world.o
nios2-elf-gcc -xc -MP -MMD -c -I../courbe_colorimetrie_bsp//HAL/inc -I../courbe_colorimetrie_bsp/ -I../courbe_colorimetrie_bsp//drivers/inc  -pipe -D__hal__ -DALT_NO_INSTRUCTION_EMULATION -DALT_SINGLE_THREADED    -O0 -g -Wall   -mno-hw-div -mhw-mul -mno-hw-mulx  -o obj/default/hello_world.o hello_world.c
Info: Linking courbe_colorimetrie.elf
nios2-elf-g++  -T'../courbe_colorimetrie_bsp//linker.x' -msys-crt0='../courbe_colorimetrie_bsp//obj/HAL/src/crt0.o' -msys-lib=hal_bsp -L../courbe_colorimetrie_bsp/   -Wl,-Map=courbe_colorimetrie.map   -O0 -g -Wall   -mno-hw-div -mhw-mul -mno-hw-mulx  -o courbe_colorimetrie.elf obj/default/display.o obj/default/hello_world.o -lm -msys-lib=m
nios2-elf-insert courbe_colorimetrie.elf --thread_model hal --cpu_name nios2_gen2_0 --qsys true --simulation_enabled false --id 0 --sidp 0x41050 --timestamp 1770327700 --stderr_dev jtag_uart_0 --stdin_dev jtag_uart_0 --stdout_dev jtag_uart_0 --sopc_system_name niosii --quartus_project_dir "C:/Users/Kelly/akelly/ENSEA/3A/MASTER/uec13_videocapsule/videocapsule/sopc" --sopcinfo C:/Users/Kelly/akelly/ENSEA/3A/MASTER/uec13_videocapsule/videocapsule/sopc/software/courbe_colorimetrie_bsp/../../niosii.sopcinfo
Info: (courbe_colorimetrie.elf) 30 KBytes program size (code + initialized data).
Info:                           91 KBytes free for stack + heap.
Info: Creating courbe_colorimetrie.objdump
nios2-elf-objdump --disassemble --syms --all-header --source courbe_colorimetrie.elf >courbe_colorimetrie.objdump
[courbe_colorimetrie build complete]
17:37:35 **** Incremental Build of configuration Nios II for project courbe_colorimetrie ****
make all 
Info: Building ../courbe_colorimetrie_bsp/
C:/altera/15.0/nios2eds/bin/gnu/H-x86_64-mingw32/bin/make --no-print-directory -C ../courbe_colorimetrie_bsp/
[BSP build complete]
Info: Compiling hello_world.c to obj/default/hello_world.o
nios2-elf-gcc -xc -MP -MMD -c -I../courbe_colorimetrie_bsp//HAL/inc -I../courbe_colorimetrie_bsp/ -I../courbe_colorimetrie_bsp//drivers/inc  -pipe -D__hal__ -DALT_NO_INSTRUCTION_EMULATION -DALT_SINGLE_THREADED    -O0 -g -Wall   -mno-hw-div -mhw-mul -mno-hw-mulx  -o obj/default/hello_world.o hello_world.c
Info: Linking courbe_colorimetrie.elf
nios2-elf-g++  -T'../courbe_colorimetrie_bsp//linker.x' -msys-crt0='../courbe_colorimetrie_bsp//obj/HAL/src/crt0.o' -msys-lib=hal_bsp -L../courbe_colorimetrie_bsp/   -Wl,-Map=courbe_colorimetrie.map   -O0 -g -Wall   -mno-hw-div -mhw-mul -mno-hw-mulx  -o courbe_colorimetrie.elf obj/default/display.o obj/default/hello_world.o -lm -msys-lib=m
nios2-elf-insert courbe_colorimetrie.elf --thread_model hal --cpu_name nios2_gen2_0 --qsys true --simulation_enabled false --id 0 --sidp 0x41050 --timestamp 1770327700 --stderr_dev jtag_uart_0 --stdin_dev jtag_uart_0 --stdout_dev jtag_uart_0 --sopc_system_name niosii --quartus_project_dir "C:/Users/Kelly/akelly/ENSEA/3A/MASTER/uec13_videocapsule/videocapsule/sopc" --sopcinfo C:/Users/Kelly/akelly/ENSEA/3A/MASTER/uec13_videocapsule/videocapsule/sopc/software/courbe_colorimetrie_bsp/../../niosii.sopcinfo
Info: (courbe_colorimetrie.elf) 30 KBytes program size (code + initialized data).
Info:                           91 KBytes free for stack + heap.
Info: Creating courbe_colorimetrie.objdump
nios2-elf-objdump --disassemble --syms --all-header --source courbe_colorimetrie.elf >courbe_colorimetrie.objdump
[courbe_colorimetrie build complete]
17:38:46 **** Incremental Build of configuration Nios II for project courbe_colorimetrie ****
make all 
Info: Building ../courbe_colorimetrie_bsp/
C:/altera/15.0/nios2eds/bin/gnu/H-x86_64-mingw32/bin/make --no-print-directory -C ../courbe_colorimetrie_bsp/
[BSP build complete]
Info: Compiling hello_world.c to obj/default/hello_world.o
nios2-elf-gcc -xc -MP -MMD -c -I../courbe_colorimetrie_bsp//HAL/inc -I../courbe_colorimetrie_bsp/ -I../courbe_colorimetrie_bsp//drivers/inc  -pipe -D__hal__ -DALT_NO_INSTRUCTION_EMULATION -DALT_SINGLE_THREADED    -O0 -g -Wall   -mno-hw-div -mhw-mul -mno-hw-mulx  -o obj/default/hello_world.o hello_world.c
Info: Linking courbe_colorimetrie.elf
nios2-elf-g++  -T'../courbe_colorimetrie_bsp//linker.x' -msys-crt0='../courbe_colorimetrie_bsp//obj/HAL/src/crt0.o' -msys-lib=hal_bsp -L../courbe_colorimetrie_bsp/   -Wl,-Map=courbe_colorimetrie.map   -O0 -g -Wall   -mno-hw-div -mhw-mul -mno-hw-mulx  -o courbe_colorimetrie.elf obj/default/display.o obj/default/hello_world.o -lm -msys-lib=m
nios2-elf-insert courbe_colorimetrie.elf --thread_model hal --cpu_name nios2_gen2_0 --qsys true --simulation_enabled false --id 0 --sidp 0x41050 --timestamp 1770327700 --stderr_dev jtag_uart_0 --stdin_dev jtag_uart_0 --stdout_dev jtag_uart_0 --sopc_system_name niosii --quartus_project_dir "C:/Users/Kelly/akelly/ENSEA/3A/MASTER/uec13_videocapsule/videocapsule/sopc" --sopcinfo C:/Users/Kelly/akelly/ENSEA/3A/MASTER/uec13_videocapsule/videocapsule/sopc/software/courbe_colorimetrie_bsp/../../niosii.sopcinfo
Info: (courbe_colorimetrie.elf) 30 KBytes program size (code + initialized data).
Info:                           91 KBytes free for stack + heap.
Info: Creating courbe_colorimetrie.objdump
nios2-elf-objdump --disassemble --syms --all-header --source courbe_colorimetrie.elf >courbe_colorimetrie.objdump
[courbe_colorimetrie build complete]
17:40:08 **** Incremental Build of configuration Nios II for project courbe_colorimetrie ****
make all 
Info: Building ../courbe_colorimetrie_bsp/
C:/altera/15.0/nios2eds/bin/gnu/H-x86_64-mingw32/bin/make --no-print-directory -C ../courbe_colorimetrie_bsp/
[BSP build complete]
Info: Compiling hello_world.c to obj/default/hello_world.o
nios2-elf-gcc -xc -MP -MMD -c -I../courbe_colorimetrie_bsp//HAL/inc -I../courbe_colorimetrie_bsp/ -I../courbe_colorimetrie_bsp//drivers/inc  -pipe -D__hal__ -DALT_NO_INSTRUCTION_EMULATION -DALT_SINGLE_THREADED    -O0 -g -Wall   -mno-hw-div -mhw-mul -mno-hw-mulx  -o obj/default/hello_world.o hello_world.c
Info: Linking courbe_colorimetrie.elf
nios2-elf-g++  -T'../courbe_colorimetrie_bsp//linker.x' -msys-crt0='../courbe_colorimetrie_bsp//obj/HAL/src/crt0.o' -msys-lib=hal_bsp -L../courbe_colorimetrie_bsp/   -Wl,-Map=courbe_colorimetrie.map   -O0 -g -Wall   -mno-hw-div -mhw-mul -mno-hw-mulx  -o courbe_colorimetrie.elf obj/default/display.o obj/default/hello_world.o -lm -msys-lib=m
nios2-elf-insert courbe_colorimetrie.elf --thread_model hal --cpu_name nios2_gen2_0 --qsys true --simulation_enabled false --id 0 --sidp 0x41050 --timestamp 1770327700 --stderr_dev jtag_uart_0 --stdin_dev jtag_uart_0 --stdout_dev jtag_uart_0 --sopc_system_name niosii --quartus_project_dir "C:/Users/Kelly/akelly/ENSEA/3A/MASTER/uec13_videocapsule/videocapsule/sopc" --sopcinfo C:/Users/Kelly/akelly/ENSEA/3A/MASTER/uec13_videocapsule/videocapsule/sopc/software/courbe_colorimetrie_bsp/../../niosii.sopcinfo
Info: (courbe_colorimetrie.elf) 30 KBytes program size (code + initialized data).
Info:                           90 KBytes free for stack + heap.
Info: Creating courbe_colorimetrie.objdump
nios2-elf-objdump --disassemble --syms --all-header --source courbe_colorimetrie.elf >courbe_colorimetrie.objdump
[courbe_colorimetrie build complete]
17:42:38 **** Incremental Build of configuration Nios II for project courbe_colorimetrie ****
make all 
Info: Building ../courbe_colorimetrie_bsp/
C:/altera/15.0/nios2eds/bin/gnu/H-x86_64-mingw32/bin/make --no-print-directory -C ../courbe_colorimetrie_bsp/
[BSP build complete]
Info: Compiling hello_world.c to obj/default/hello_world.o
nios2-elf-gcc -xc -MP -MMD -c -I../courbe_colorimetrie_bsp//HAL/inc -I../courbe_colorimetrie_bsp/ -I../courbe_colorimetrie_bsp//drivers/inc  -pipe -D__hal__ -DALT_NO_INSTRUCTION_EMULATION -DALT_SINGLE_THREADED    -O0 -g -Wall   -mno-hw-div -mhw-mul -mno-hw-mulx  -o obj/default/hello_world.o hello_world.c
hello_world.c: In function 'main':
hello_world.c:63:5: warning: implicit declaration of function 'printd' [-Wimplicit-function-declaration]
     printd("ici : %d", courbe_index);
     ^
Info: Linking courbe_colorimetrie.elf
nios2-elf-g++  -T'../courbe_colorimetrie_bsp//linker.x' -msys-crt0='../courbe_colorimetrie_bsp//obj/HAL/src/crt0.o' -msys-lib=hal_bsp -L../courbe_colorimetrie_bsp/   -Wl,-Map=courbe_colorimetrie.map   -O0 -g -Wall   -mno-hw-div -mhw-mul -mno-hw-mulx  -o courbe_colorimetrie.elf obj/default/display.o obj/default/hello_world.o -lm -msys-lib=m
obj/default/hello_world.o: In function `main':
C:\Users\Kelly\akelly\ENSEA\3A\MASTER\uec13_videocapsule\videocapsule\sopc\software\courbe_colorimetrie/hello_world.c:63: undefined reference to `printd'
collect2.exe: error: ld returned 1 exit status
make: *** [courbe_colorimetrie.elf] Error 1
17:43:00 **** Incremental Build of configuration Nios II for project courbe_colorimetrie ****
make all 
Info: Building ../courbe_colorimetrie_bsp/
C:/altera/15.0/nios2eds/bin/gnu/H-x86_64-mingw32/bin/make --no-print-directory -C ../courbe_colorimetrie_bsp/
[BSP build complete]
Info: Compiling hello_world.c to obj/default/hello_world.o
nios2-elf-gcc -xc -MP -MMD -c -I../courbe_colorimetrie_bsp//HAL/inc -I../courbe_colorimetrie_bsp/ -I../courbe_colorimetrie_bsp//drivers/inc  -pipe -D__hal__ -DALT_NO_INSTRUCTION_EMULATION -DALT_SINGLE_THREADED    -O0 -g -Wall   -mno-hw-div -mhw-mul -mno-hw-mulx  -o obj/default/hello_world.o hello_world.c
Info: Linking courbe_colorimetrie.elf
nios2-elf-g++  -T'../courbe_colorimetrie_bsp//linker.x' -msys-crt0='../courbe_colorimetrie_bsp//obj/HAL/src/crt0.o' -msys-lib=hal_bsp -L../courbe_colorimetrie_bsp/   -Wl,-Map=courbe_colorimetrie.map   -O0 -g -Wall   -mno-hw-div -mhw-mul -mno-hw-mulx  -o courbe_colorimetrie.elf obj/default/display.o obj/default/hello_world.o -lm -msys-lib=m
nios2-elf-insert courbe_colorimetrie.elf --thread_model hal --cpu_name nios2_gen2_0 --qsys true --simulation_enabled false --id 0 --sidp 0x41050 --timestamp 1770327700 --stderr_dev jtag_uart_0 --stdin_dev jtag_uart_0 --stdout_dev jtag_uart_0 --sopc_system_name niosii --quartus_project_dir "C:/Users/Kelly/akelly/ENSEA/3A/MASTER/uec13_videocapsule/videocapsule/sopc" --sopcinfo C:/Users/Kelly/akelly/ENSEA/3A/MASTER/uec13_videocapsule/videocapsule/sopc/software/courbe_colorimetrie_bsp/../../niosii.sopcinfo
Info: (courbe_colorimetrie.elf) 69 KBytes program size (code + initialized data).
Info:                           52 KBytes free for stack + heap.
Info: Creating courbe_colorimetrie.objdump
nios2-elf-objdump --disassemble --syms --all-header --source courbe_colorimetrie.elf >courbe_colorimetrie.objdump
[courbe_colorimetrie build complete]
17:47:22 **** Incremental Build of configuration Nios II for project courbe_colorimetrie ****
make all 
Info: Building ../courbe_colorimetrie_bsp/
C:/altera/15.0/nios2eds/bin/gnu/H-x86_64-mingw32/bin/make --no-print-directory -C ../courbe_colorimetrie_bsp/
[BSP build complete]
Info: Compiling hello_world.c to obj/default/hello_world.o
nios2-elf-gcc -xc -MP -MMD -c -I../courbe_colorimetrie_bsp//HAL/inc -I../courbe_colorimetrie_bsp/ -I../courbe_colorimetrie_bsp//drivers/inc  -pipe -D__hal__ -DALT_NO_INSTRUCTION_EMULATION -DALT_SINGLE_THREADED    -O0 -g -Wall   -mno-hw-div -mhw-mul -mno-hw-mulx  -o obj/default/hello_world.o hello_world.c
Info: Linking courbe_colorimetrie.elf
nios2-elf-g++  -T'../courbe_colorimetrie_bsp//linker.x' -msys-crt0='../courbe_colorimetrie_bsp//obj/HAL/src/crt0.o' -msys-lib=hal_bsp -L../courbe_colorimetrie_bsp/   -Wl,-Map=courbe_colorimetrie.map   -O0 -g -Wall   -mno-hw-div -mhw-mul -mno-hw-mulx  -o courbe_colorimetrie.elf obj/default/display.o obj/default/hello_world.o -lm -msys-lib=m
nios2-elf-insert courbe_colorimetrie.elf --thread_model hal --cpu_name nios2_gen2_0 --qsys true --simulation_enabled false --id 0 --sidp 0x41050 --timestamp 1770327700 --stderr_dev jtag_uart_0 --stdin_dev jtag_uart_0 --stdout_dev jtag_uart_0 --sopc_system_name niosii --quartus_project_dir "C:/Users/Kelly/akelly/ENSEA/3A/MASTER/uec13_videocapsule/videocapsule/sopc" --sopcinfo C:/Users/Kelly/akelly/ENSEA/3A/MASTER/uec13_videocapsule/videocapsule/sopc/software/courbe_colorimetrie_bsp/../../niosii.sopcinfo
Info: (courbe_colorimetrie.elf) 69 KBytes program size (code + initialized data).
Info:                           52 KBytes free for stack + heap.
Info: Creating courbe_colorimetrie.objdump
nios2-elf-objdump --disassemble --syms --all-header --source courbe_colorimetrie.elf >courbe_colorimetrie.objdump
[courbe_colorimetrie build complete]
17:51:52 **** Incremental Build of configuration Nios II for project courbe_colorimetrie ****
make all 
Info: Building ../courbe_colorimetrie_bsp/
C:/altera/15.0/nios2eds/bin/gnu/H-x86_64-mingw32/bin/make --no-print-directory -C ../courbe_colorimetrie_bsp/
[BSP build complete]
Info: Compiling hello_world.c to obj/default/hello_world.o
nios2-elf-gcc -xc -MP -MMD -c -I../courbe_colorimetrie_bsp//HAL/inc -I../courbe_colorimetrie_bsp/ -I../courbe_colorimetrie_bsp//drivers/inc  -pipe -D__hal__ -DALT_NO_INSTRUCTION_EMULATION -DALT_SINGLE_THREADED    -O0 -g -Wall   -mno-hw-div -mhw-mul -mno-hw-mulx  -o obj/default/hello_world.o hello_world.c
Info: Linking courbe_colorimetrie.elf
nios2-elf-g++  -T'../courbe_colorimetrie_bsp//linker.x' -msys-crt0='../courbe_colorimetrie_bsp//obj/HAL/src/crt0.o' -msys-lib=hal_bsp -L../courbe_colorimetrie_bsp/   -Wl,-Map=courbe_colorimetrie.map   -O0 -g -Wall   -mno-hw-div -mhw-mul -mno-hw-mulx  -o courbe_colorimetrie.elf obj/default/display.o obj/default/hello_world.o -lm -msys-lib=m
nios2-elf-insert courbe_colorimetrie.elf --thread_model hal --cpu_name nios2_gen2_0 --qsys true --simulation_enabled false --id 0 --sidp 0x41050 --timestamp 1770327700 --stderr_dev jtag_uart_0 --stdin_dev jtag_uart_0 --stdout_dev jtag_uart_0 --sopc_system_name niosii --quartus_project_dir "C:/Users/Kelly/akelly/ENSEA/3A/MASTER/uec13_videocapsule/videocapsule/sopc" --sopcinfo C:/Users/Kelly/akelly/ENSEA/3A/MASTER/uec13_videocapsule/videocapsule/sopc/software/courbe_colorimetrie_bsp/../../niosii.sopcinfo
Info: (courbe_colorimetrie.elf) 30 KBytes program size (code + initialized data).
Info:                           90 KBytes free for stack + heap.
Info: Creating courbe_colorimetrie.objdump
nios2-elf-objdump --disassemble --syms --all-header --source courbe_colorimetrie.elf >courbe_colorimetrie.objdump
[courbe_colorimetrie build complete]
17:52:58 **** Incremental Build of configuration Nios II for project courbe_colorimetrie ****
make all 
Info: Building ../courbe_colorimetrie_bsp/
C:/altera/15.0/nios2eds/bin/gnu/H-x86_64-mingw32/bin/make --no-print-directory -C ../courbe_colorimetrie_bsp/
[BSP build complete]
Info: Compiling hello_world.c to obj/default/hello_world.o
nios2-elf-gcc -xc -MP -MMD -c -I../courbe_colorimetrie_bsp//HAL/inc -I../courbe_colorimetrie_bsp/ -I../courbe_colorimetrie_bsp//drivers/inc  -pipe -D__hal__ -DALT_NO_INSTRUCTION_EMULATION -DALT_SINGLE_THREADED    -O0 -g -Wall   -mno-hw-div -mhw-mul -mno-hw-mulx  -o obj/default/hello_world.o hello_world.c
Info: Linking courbe_colorimetrie.elf
nios2-elf-g++  -T'../courbe_colorimetrie_bsp//linker.x' -msys-crt0='../courbe_colorimetrie_bsp//obj/HAL/src/crt0.o' -msys-lib=hal_bsp -L../courbe_colorimetrie_bsp/   -Wl,-Map=courbe_colorimetrie.map   -O0 -g -Wall   -mno-hw-div -mhw-mul -mno-hw-mulx  -o courbe_colorimetrie.elf obj/default/display.o obj/default/hello_world.o -lm -msys-lib=m
nios2-elf-insert courbe_colorimetrie.elf --thread_model hal --cpu_name nios2_gen2_0 --qsys true --simulation_enabled false --id 0 --sidp 0x41050 --timestamp 1770327700 --stderr_dev jtag_uart_0 --stdin_dev jtag_uart_0 --stdout_dev jtag_uart_0 --sopc_system_name niosii --quartus_project_dir "C:/Users/Kelly/akelly/ENSEA/3A/MASTER/uec13_videocapsule/videocapsule/sopc" --sopcinfo C:/Users/Kelly/akelly/ENSEA/3A/MASTER/uec13_videocapsule/videocapsule/sopc/software/courbe_colorimetrie_bsp/../../niosii.sopcinfo
Info: (courbe_colorimetrie.elf) 30 KBytes program size (code + initialized data).
Info:                           90 KBytes free for stack + heap.
Info: Creating courbe_colorimetrie.objdump
nios2-elf-objdump --disassemble --syms --all-header --source courbe_colorimetrie.elf >courbe_colorimetrie.objdump
[courbe_colorimetrie build complete]
17:54:16 **** Incremental Build of configuration Nios II for project courbe_colorimetrie ****
make all 
Info: Building ../courbe_colorimetrie_bsp/
C:/altera/15.0/nios2eds/bin/gnu/H-x86_64-mingw32/bin/make --no-print-directory -C ../courbe_colorimetrie_bsp/
[BSP build complete]
Info: Compiling hello_world.c to obj/default/hello_world.o
nios2-elf-gcc -xc -MP -MMD -c -I../courbe_colorimetrie_bsp//HAL/inc -I../courbe_colorimetrie_bsp/ -I../courbe_colorimetrie_bsp//drivers/inc  -pipe -D__hal__ -DALT_NO_INSTRUCTION_EMULATION -DALT_SINGLE_THREADED    -O0 -g -Wall   -mno-hw-div -mhw-mul -mno-hw-mulx  -o obj/default/hello_world.o hello_world.c
Info: Linking courbe_colorimetrie.elf
nios2-elf-g++  -T'../courbe_colorimetrie_bsp//linker.x' -msys-crt0='../courbe_colorimetrie_bsp//obj/HAL/src/crt0.o' -msys-lib=hal_bsp -L../courbe_colorimetrie_bsp/   -Wl,-Map=courbe_colorimetrie.map   -O0 -g -Wall   -mno-hw-div -mhw-mul -mno-hw-mulx  -o courbe_colorimetrie.elf obj/default/display.o obj/default/hello_world.o -lm -msys-lib=m
nios2-elf-insert courbe_colorimetrie.elf --thread_model hal --cpu_name nios2_gen2_0 --qsys true --simulation_enabled false --id 0 --sidp 0x41050 --timestamp 1770327700 --stderr_dev jtag_uart_0 --stdin_dev jtag_uart_0 --stdout_dev jtag_uart_0 --sopc_system_name niosii --quartus_project_dir "C:/Users/Kelly/akelly/ENSEA/3A/MASTER/uec13_videocapsule/videocapsule/sopc" --sopcinfo C:/Users/Kelly/akelly/ENSEA/3A/MASTER/uec13_videocapsule/videocapsule/sopc/software/courbe_colorimetrie_bsp/../../niosii.sopcinfo
Info: (courbe_colorimetrie.elf) 30 KBytes program size (code + initialized data).
Info:                           90 KBytes free for stack + heap.
Info: Creating courbe_colorimetrie.objdump
nios2-elf-objdump --disassemble --syms --all-header --source courbe_colorimetrie.elf >courbe_colorimetrie.objdump
[courbe_colorimetrie build complete]
17:54:46 **** Incremental Build of configuration Nios II for project courbe_colorimetrie ****
make all 
Info: Building ../courbe_colorimetrie_bsp/
C:/altera/15.0/nios2eds/bin/gnu/H-x86_64-mingw32/bin/make --no-print-directory -C ../courbe_colorimetrie_bsp/
[BSP build complete]
Info: Compiling hello_world.c to obj/default/hello_world.o
nios2-elf-gcc -xc -MP -MMD -c -I../courbe_colorimetrie_bsp//HAL/inc -I../courbe_colorimetrie_bsp/ -I../courbe_colorimetrie_bsp//drivers/inc  -pipe -D__hal__ -DALT_NO_INSTRUCTION_EMULATION -DALT_SINGLE_THREADED    -O0 -g -Wall   -mno-hw-div -mhw-mul -mno-hw-mulx  -o obj/default/hello_world.o hello_world.c
Info: Linking courbe_colorimetrie.elf
nios2-elf-g++  -T'../courbe_colorimetrie_bsp//linker.x' -msys-crt0='../courbe_colorimetrie_bsp//obj/HAL/src/crt0.o' -msys-lib=hal_bsp -L../courbe_colorimetrie_bsp/   -Wl,-Map=courbe_colorimetrie.map   -O0 -g -Wall   -mno-hw-div -mhw-mul -mno-hw-mulx  -o courbe_colorimetrie.elf obj/default/display.o obj/default/hello_world.o -lm -msys-lib=m
nios2-elf-insert courbe_colorimetrie.elf --thread_model hal --cpu_name nios2_gen2_0 --qsys true --simulation_enabled false --id 0 --sidp 0x41050 --timestamp 1770327700 --stderr_dev jtag_uart_0 --stdin_dev jtag_uart_0 --stdout_dev jtag_uart_0 --sopc_system_name niosii --quartus_project_dir "C:/Users/Kelly/akelly/ENSEA/3A/MASTER/uec13_videocapsule/videocapsule/sopc" --sopcinfo C:/Users/Kelly/akelly/ENSEA/3A/MASTER/uec13_videocapsule/videocapsule/sopc/software/courbe_colorimetrie_bsp/../../niosii.sopcinfo
Info: (courbe_colorimetrie.elf) 30 KBytes program size (code + initialized data).
Info:                           90 KBytes free for stack + heap.
Info: Creating courbe_colorimetrie.objdump
nios2-elf-objdump --disassemble --syms --all-header --source courbe_colorimetrie.elf >courbe_colorimetrie.objdump
[courbe_colorimetrie build complete]
17:55:50 **** Incremental Build of configuration Nios II for project courbe_colorimetrie ****
make all 
Info: Building ../courbe_colorimetrie_bsp/
C:/altera/15.0/nios2eds/bin/gnu/H-x86_64-mingw32/bin/make --no-print-directory -C ../courbe_colorimetrie_bsp/
[BSP build complete]
Info: Compiling hello_world.c to obj/default/hello_world.o
nios2-elf-gcc -xc -MP -MMD -c -I../courbe_colorimetrie_bsp//HAL/inc -I../courbe_colorimetrie_bsp/ -I../courbe_colorimetrie_bsp//drivers/inc  -pipe -D__hal__ -DALT_NO_INSTRUCTION_EMULATION -DALT_SINGLE_THREADED    -O0 -g -Wall   -mno-hw-div -mhw-mul -mno-hw-mulx  -o obj/default/hello_world.o hello_world.c
Info: Linking courbe_colorimetrie.elf
nios2-elf-g++  -T'../courbe_colorimetrie_bsp//linker.x' -msys-crt0='../courbe_colorimetrie_bsp//obj/HAL/src/crt0.o' -msys-lib=hal_bsp -L../courbe_colorimetrie_bsp/   -Wl,-Map=courbe_colorimetrie.map   -O0 -g -Wall   -mno-hw-div -mhw-mul -mno-hw-mulx  -o courbe_colorimetrie.elf obj/default/display.o obj/default/hello_world.o -lm -msys-lib=m
nios2-elf-insert courbe_colorimetrie.elf --thread_model hal --cpu_name nios2_gen2_0 --qsys true --simulation_enabled false --id 0 --sidp 0x41050 --timestamp 1770327700 --stderr_dev jtag_uart_0 --stdin_dev jtag_uart_0 --stdout_dev jtag_uart_0 --sopc_system_name niosii --quartus_project_dir "C:/Users/Kelly/akelly/ENSEA/3A/MASTER/uec13_videocapsule/videocapsule/sopc" --sopcinfo C:/Users/Kelly/akelly/ENSEA/3A/MASTER/uec13_videocapsule/videocapsule/sopc/software/courbe_colorimetrie_bsp/../../niosii.sopcinfo
Info: (courbe_colorimetrie.elf) 30 KBytes program size (code + initialized data).
Info:                           90 KBytes free for stack + heap.
Info: Creating courbe_colorimetrie.objdump
nios2-elf-objdump --disassemble --syms --all-header --source courbe_colorimetrie.elf >courbe_colorimetrie.objdump
[courbe_colorimetrie build complete]
17:57:39 **** Incremental Build of configuration Nios II for project courbe_colorimetrie ****
make all 
Info: Building ../courbe_colorimetrie_bsp/
C:/altera/15.0/nios2eds/bin/gnu/H-x86_64-mingw32/bin/make --no-print-directory -C ../courbe_colorimetrie_bsp/
[BSP build complete]
[courbe_colorimetrie build complete]
17:59:13 **** Incremental Build of configuration Nios II for project courbe_colorimetrie ****
make all 
Info: Building ../courbe_colorimetrie_bsp/
C:/altera/15.0/nios2eds/bin/gnu/H-x86_64-mingw32/bin/make --no-print-directory -C ../courbe_colorimetrie_bsp/
[BSP build complete]
Info: Compiling hello_world.c to obj/default/hello_world.o
nios2-elf-gcc -xc -MP -MMD -c -I../courbe_colorimetrie_bsp//HAL/inc -I../courbe_colorimetrie_bsp/ -I../courbe_colorimetrie_bsp//drivers/inc  -pipe -D__hal__ -DALT_NO_INSTRUCTION_EMULATION -DALT_SINGLE_THREADED    -O0 -g -Wall   -mno-hw-div -mhw-mul -mno-hw-mulx  -o obj/default/hello_world.o hello_world.c
Info: Linking courbe_colorimetrie.elf
nios2-elf-g++  -T'../courbe_colorimetrie_bsp//linker.x' -msys-crt0='../courbe_colorimetrie_bsp//obj/HAL/src/crt0.o' -msys-lib=hal_bsp -L../courbe_colorimetrie_bsp/   -Wl,-Map=courbe_colorimetrie.map   -O0 -g -Wall   -mno-hw-div -mhw-mul -mno-hw-mulx  -o courbe_colorimetrie.elf obj/default/display.o obj/default/hello_world.o -lm -msys-lib=m
nios2-elf-insert courbe_colorimetrie.elf --thread_model hal --cpu_name nios2_gen2_0 --qsys true --simulation_enabled false --id 0 --sidp 0x41050 --timestamp 1770327700 --stderr_dev jtag_uart_0 --stdin_dev jtag_uart_0 --stdout_dev jtag_uart_0 --sopc_system_name niosii --quartus_project_dir "C:/Users/Kelly/akelly/ENSEA/3A/MASTER/uec13_videocapsule/videocapsule/sopc" --sopcinfo C:/Users/Kelly/akelly/ENSEA/3A/MASTER/uec13_videocapsule/videocapsule/sopc/software/courbe_colorimetrie_bsp/../../niosii.sopcinfo
Info: (courbe_colorimetrie.elf) 30 KBytes program size (code + initialized data).
Info:                           90 KBytes free for stack + heap.
Info: Creating courbe_colorimetrie.objdump
nios2-elf-objdump --disassemble --syms --all-header --source courbe_colorimetrie.elf >courbe_colorimetrie.objdump
[courbe_colorimetrie build complete]
18:00:07 **** Incremental Build of configuration Nios II for project courbe_colorimetrie ****
make all 
Info: Building ../courbe_colorimetrie_bsp/
C:/altera/15.0/nios2eds/bin/gnu/H-x86_64-mingw32/bin/make --no-print-directory -C ../courbe_colorimetrie_bsp/
[BSP build complete]
Info: Compiling hello_world.c to obj/default/hello_world.o
nios2-elf-gcc -xc -MP -MMD -c -I../courbe_colorimetrie_bsp//HAL/inc -I../courbe_colorimetrie_bsp/ -I../courbe_colorimetrie_bsp//drivers/inc  -pipe -D__hal__ -DALT_NO_INSTRUCTION_EMULATION -DALT_SINGLE_THREADED    -O0 -g -Wall   -mno-hw-div -mhw-mul -mno-hw-mulx  -o obj/default/hello_world.o hello_world.c
Info: Linking courbe_colorimetrie.elf
nios2-elf-g++  -T'../courbe_colorimetrie_bsp//linker.x' -msys-crt0='../courbe_colorimetrie_bsp//obj/HAL/src/crt0.o' -msys-lib=hal_bsp -L../courbe_colorimetrie_bsp/   -Wl,-Map=courbe_colorimetrie.map   -O0 -g -Wall   -mno-hw-div -mhw-mul -mno-hw-mulx  -o courbe_colorimetrie.elf obj/default/display.o obj/default/hello_world.o -lm -msys-lib=m
nios2-elf-insert courbe_colorimetrie.elf --thread_model hal --cpu_name nios2_gen2_0 --qsys true --simulation_enabled false --id 0 --sidp 0x41050 --timestamp 1770327700 --stderr_dev jtag_uart_0 --stdin_dev jtag_uart_0 --stdout_dev jtag_uart_0 --sopc_system_name niosii --quartus_project_dir "C:/Users/Kelly/akelly/ENSEA/3A/MASTER/uec13_videocapsule/videocapsule/sopc" --sopcinfo C:/Users/Kelly/akelly/ENSEA/3A/MASTER/uec13_videocapsule/videocapsule/sopc/software/courbe_colorimetrie_bsp/../../niosii.sopcinfo
Info: (courbe_colorimetrie.elf) 69 KBytes program size (code + initialized data).
Info:                           52 KBytes free for stack + heap.
Info: Creating courbe_colorimetrie.objdump
nios2-elf-objdump --disassemble --syms --all-header --source courbe_colorimetrie.elf >courbe_colorimetrie.objdump
[courbe_colorimetrie build complete]
18:01:03 **** Incremental Build of configuration Nios II for project courbe_colorimetrie ****
make all 
Info: Building ../courbe_colorimetrie_bsp/
C:/altera/15.0/nios2eds/bin/gnu/H-x86_64-mingw32/bin/make --no-print-directory -C ../courbe_colorimetrie_bsp/
[BSP build complete]
Info: Compiling hello_world.c to obj/default/hello_world.o
nios2-elf-gcc -xc -MP -MMD -c -I../courbe_colorimetrie_bsp//HAL/inc -I../courbe_colorimetrie_bsp/ -I../courbe_colorimetrie_bsp//drivers/inc  -pipe -D__hal__ -DALT_NO_INSTRUCTION_EMULATION -DALT_SINGLE_THREADED    -O0 -g -Wall   -mno-hw-div -mhw-mul -mno-hw-mulx  -o obj/default/hello_world.o hello_world.c
Info: Linking courbe_colorimetrie.elf
nios2-elf-g++  -T'../courbe_colorimetrie_bsp//linker.x' -msys-crt0='../courbe_colorimetrie_bsp//obj/HAL/src/crt0.o' -msys-lib=hal_bsp -L../courbe_colorimetrie_bsp/   -Wl,-Map=courbe_colorimetrie.map   -O0 -g -Wall   -mno-hw-div -mhw-mul -mno-hw-mulx  -o courbe_colorimetrie.elf obj/default/display.o obj/default/hello_world.o -lm -msys-lib=m
nios2-elf-insert courbe_colorimetrie.elf --thread_model hal --cpu_name nios2_gen2_0 --qsys true --simulation_enabled false --id 0 --sidp 0x41050 --timestamp 1770327700 --stderr_dev jtag_uart_0 --stdin_dev jtag_uart_0 --stdout_dev jtag_uart_0 --sopc_system_name niosii --quartus_project_dir "C:/Users/Kelly/akelly/ENSEA/3A/MASTER/uec13_videocapsule/videocapsule/sopc" --sopcinfo C:/Users/Kelly/akelly/ENSEA/3A/MASTER/uec13_videocapsule/videocapsule/sopc/software/courbe_colorimetrie_bsp/../../niosii.sopcinfo
Info: (courbe_colorimetrie.elf) 69 KBytes program size (code + initialized data).
Info:                           52 KBytes free for stack + heap.
Info: Creating courbe_colorimetrie.objdump
nios2-elf-objdump --disassemble --syms --all-header --source courbe_colorimetrie.elf >courbe_colorimetrie.objdump
[courbe_colorimetrie build complete]
18:01:20 **** Incremental Build of configuration Nios II for project courbe_colorimetrie ****
make all 
Info: Building ../courbe_colorimetrie_bsp/
C:/altera/15.0/nios2eds/bin/gnu/H-x86_64-mingw32/bin/make --no-print-directory -C ../courbe_colorimetrie_bsp/
[BSP build complete]
Info: Compiling hello_world.c to obj/default/hello_world.o
nios2-elf-gcc -xc -MP -MMD -c -I../courbe_colorimetrie_bsp//HAL/inc -I../courbe_colorimetrie_bsp/ -I../courbe_colorimetrie_bsp//drivers/inc  -pipe -D__hal__ -DALT_NO_INSTRUCTION_EMULATION -DALT_SINGLE_THREADED    -O0 -g -Wall   -mno-hw-div -mhw-mul -mno-hw-mulx  -o obj/default/hello_world.o hello_world.c
Info: Linking courbe_colorimetrie.elf
nios2-elf-g++  -T'../courbe_colorimetrie_bsp//linker.x' -msys-crt0='../courbe_colorimetrie_bsp//obj/HAL/src/crt0.o' -msys-lib=hal_bsp -L../courbe_colorimetrie_bsp/   -Wl,-Map=courbe_colorimetrie.map   -O0 -g -Wall   -mno-hw-div -mhw-mul -mno-hw-mulx  -o courbe_colorimetrie.elf obj/default/display.o obj/default/hello_world.o -lm -msys-lib=m
nios2-elf-insert courbe_colorimetrie.elf --thread_model hal --cpu_name nios2_gen2_0 --qsys true --simulation_enabled false --id 0 --sidp 0x41050 --timestamp 1770327700 --stderr_dev jtag_uart_0 --stdin_dev jtag_uart_0 --stdout_dev jtag_uart_0 --sopc_system_name niosii --quartus_project_dir "C:/Users/Kelly/akelly/ENSEA/3A/MASTER/uec13_videocapsule/videocapsule/sopc" --sopcinfo C:/Users/Kelly/akelly/ENSEA/3A/MASTER/uec13_videocapsule/videocapsule/sopc/software/courbe_colorimetrie_bsp/../../niosii.sopcinfo
Info: (courbe_colorimetrie.elf) 69 KBytes program size (code + initialized data).
Info:                           52 KBytes free for stack + heap.
Info: Creating courbe_colorimetrie.objdump
nios2-elf-objdump --disassemble --syms --all-header --source courbe_colorimetrie.elf >courbe_colorimetrie.objdump
[courbe_colorimetrie build complete]
18:01:44 **** Incremental Build of configuration Nios II for project courbe_colorimetrie ****
make all 
Info: Building ../courbe_colorimetrie_bsp/
C:/altera/15.0/nios2eds/bin/gnu/H-x86_64-mingw32/bin/make --no-print-directory -C ../courbe_colorimetrie_bsp/
[BSP build complete]
Info: Compiling hello_world.c to obj/default/hello_world.o
nios2-elf-gcc -xc -MP -MMD -c -I../courbe_colorimetrie_bsp//HAL/inc -I../courbe_colorimetrie_bsp/ -I../courbe_colorimetrie_bsp//drivers/inc  -pipe -D__hal__ -DALT_NO_INSTRUCTION_EMULATION -DALT_SINGLE_THREADED    -O0 -g -Wall   -mno-hw-div -mhw-mul -mno-hw-mulx  -o obj/default/hello_world.o hello_world.c
Info: Linking courbe_colorimetrie.elf
nios2-elf-g++  -T'../courbe_colorimetrie_bsp//linker.x' -msys-crt0='../courbe_colorimetrie_bsp//obj/HAL/src/crt0.o' -msys-lib=hal_bsp -L../courbe_colorimetrie_bsp/   -Wl,-Map=courbe_colorimetrie.map   -O0 -g -Wall   -mno-hw-div -mhw-mul -mno-hw-mulx  -o courbe_colorimetrie.elf obj/default/display.o obj/default/hello_world.o -lm -msys-lib=m
nios2-elf-insert courbe_colorimetrie.elf --thread_model hal --cpu_name nios2_gen2_0 --qsys true --simulation_enabled false --id 0 --sidp 0x41050 --timestamp 1770327700 --stderr_dev jtag_uart_0 --stdin_dev jtag_uart_0 --stdout_dev jtag_uart_0 --sopc_system_name niosii --quartus_project_dir "C:/Users/Kelly/akelly/ENSEA/3A/MASTER/uec13_videocapsule/videocapsule/sopc" --sopcinfo C:/Users/Kelly/akelly/ENSEA/3A/MASTER/uec13_videocapsule/videocapsule/sopc/software/courbe_colorimetrie_bsp/../../niosii.sopcinfo
Info: (courbe_colorimetrie.elf) 69 KBytes program size (code + initialized data).
Info:                           52 KBytes free for stack + heap.
Info: Creating courbe_colorimetrie.objdump
nios2-elf-objdump --disassemble --syms --all-header --source courbe_colorimetrie.elf >courbe_colorimetrie.objdump
[courbe_colorimetrie build complete]
18:02:12 **** Incremental Build of configuration Nios II for project courbe_colorimetrie ****
make all 
Info: Building ../courbe_colorimetrie_bsp/
C:/altera/15.0/nios2eds/bin/gnu/H-x86_64-mingw32/bin/make --no-print-directory -C ../courbe_colorimetrie_bsp/
[BSP build complete]
Info: Compiling hello_world.c to obj/default/hello_world.o
nios2-elf-gcc -xc -MP -MMD -c -I../courbe_colorimetrie_bsp//HAL/inc -I../courbe_colorimetrie_bsp/ -I../courbe_colorimetrie_bsp//drivers/inc  -pipe -D__hal__ -DALT_NO_INSTRUCTION_EMULATION -DALT_SINGLE_THREADED    -O0 -g -Wall   -mno-hw-div -mhw-mul -mno-hw-mulx  -o obj/default/hello_world.o hello_world.c
Info: Linking courbe_colorimetrie.elf
nios2-elf-g++  -T'../courbe_colorimetrie_bsp//linker.x' -msys-crt0='../courbe_colorimetrie_bsp//obj/HAL/src/crt0.o' -msys-lib=hal_bsp -L../courbe_colorimetrie_bsp/   -Wl,-Map=courbe_colorimetrie.map   -O0 -g -Wall   -mno-hw-div -mhw-mul -mno-hw-mulx  -o courbe_colorimetrie.elf obj/default/display.o obj/default/hello_world.o -lm -msys-lib=m
nios2-elf-insert courbe_colorimetrie.elf --thread_model hal --cpu_name nios2_gen2_0 --qsys true --simulation_enabled false --id 0 --sidp 0x41050 --timestamp 1770327700 --stderr_dev jtag_uart_0 --stdin_dev jtag_uart_0 --stdout_dev jtag_uart_0 --sopc_system_name niosii --quartus_project_dir "C:/Users/Kelly/akelly/ENSEA/3A/MASTER/uec13_videocapsule/videocapsule/sopc" --sopcinfo C:/Users/Kelly/akelly/ENSEA/3A/MASTER/uec13_videocapsule/videocapsule/sopc/software/courbe_colorimetrie_bsp/../../niosii.sopcinfo
Info: (courbe_colorimetrie.elf) 30 KBytes program size (code + initialized data).
Info:                           90 KBytes free for stack + heap.
Info: Creating courbe_colorimetrie.objdump
nios2-elf-objdump --disassemble --syms --all-header --source courbe_colorimetrie.elf >courbe_colorimetrie.objdump
[courbe_colorimetrie build complete]
18:02:31 **** Incremental Build of configuration Nios II for project courbe_colorimetrie ****
make all 
Info: Building ../courbe_colorimetrie_bsp/
C:/altera/15.0/nios2eds/bin/gnu/H-x86_64-mingw32/bin/make --no-print-directory -C ../courbe_colorimetrie_bsp/
[BSP build complete]
Info: Compiling hello_world.c to obj/default/hello_world.o
nios2-elf-gcc -xc -MP -MMD -c -I../courbe_colorimetrie_bsp//HAL/inc -I../courbe_colorimetrie_bsp/ -I../courbe_colorimetrie_bsp//drivers/inc  -pipe -D__hal__ -DALT_NO_INSTRUCTION_EMULATION -DALT_SINGLE_THREADED    -O0 -g -Wall   -mno-hw-div -mhw-mul -mno-hw-mulx  -o obj/default/hello_world.o hello_world.c
Info: Linking courbe_colorimetrie.elf
nios2-elf-g++  -T'../courbe_colorimetrie_bsp//linker.x' -msys-crt0='../courbe_colorimetrie_bsp//obj/HAL/src/crt0.o' -msys-lib=hal_bsp -L../courbe_colorimetrie_bsp/   -Wl,-Map=courbe_colorimetrie.map   -O0 -g -Wall   -mno-hw-div -mhw-mul -mno-hw-mulx  -o courbe_colorimetrie.elf obj/default/display.o obj/default/hello_world.o -lm -msys-lib=m
nios2-elf-insert courbe_colorimetrie.elf --thread_model hal --cpu_name nios2_gen2_0 --qsys true --simulation_enabled false --id 0 --sidp 0x41050 --timestamp 1770327700 --stderr_dev jtag_uart_0 --stdin_dev jtag_uart_0 --stdout_dev jtag_uart_0 --sopc_system_name niosii --quartus_project_dir "C:/Users/Kelly/akelly/ENSEA/3A/MASTER/uec13_videocapsule/videocapsule/sopc" --sopcinfo C:/Users/Kelly/akelly/ENSEA/3A/MASTER/uec13_videocapsule/videocapsule/sopc/software/courbe_colorimetrie_bsp/../../niosii.sopcinfo
Info: (courbe_colorimetrie.elf) 30 KBytes program size (code + initialized data).
Info:                           90 KBytes free for stack + heap.
Info: Creating courbe_colorimetrie.objdump
nios2-elf-objdump --disassemble --syms --all-header --source courbe_colorimetrie.elf >courbe_colorimetrie.objdump
[courbe_colorimetrie build complete]
18:02:57 **** Incremental Build of configuration Nios II for project courbe_colorimetrie ****
make all 
Info: Building ../courbe_colorimetrie_bsp/
C:/altera/15.0/nios2eds/bin/gnu/H-x86_64-mingw32/bin/make --no-print-directory -C ../courbe_colorimetrie_bsp/
[BSP build complete]
Info: Compiling hello_world.c to obj/default/hello_world.o
nios2-elf-gcc -xc -MP -MMD -c -I../courbe_colorimetrie_bsp//HAL/inc -I../courbe_colorimetrie_bsp/ -I../courbe_colorimetrie_bsp//drivers/inc  -pipe -D__hal__ -DALT_NO_INSTRUCTION_EMULATION -DALT_SINGLE_THREADED    -O0 -g -Wall   -mno-hw-div -mhw-mul -mno-hw-mulx  -o obj/default/hello_world.o hello_world.c
Info: Linking courbe_colorimetrie.elf
nios2-elf-g++  -T'../courbe_colorimetrie_bsp//linker.x' -msys-crt0='../courbe_colorimetrie_bsp//obj/HAL/src/crt0.o' -msys-lib=hal_bsp -L../courbe_colorimetrie_bsp/   -Wl,-Map=courbe_colorimetrie.map   -O0 -g -Wall   -mno-hw-div -mhw-mul -mno-hw-mulx  -o courbe_colorimetrie.elf obj/default/display.o obj/default/hello_world.o -lm -msys-lib=m
nios2-elf-insert courbe_colorimetrie.elf --thread_model hal --cpu_name nios2_gen2_0 --qsys true --simulation_enabled false --id 0 --sidp 0x41050 --timestamp 1770327700 --stderr_dev jtag_uart_0 --stdin_dev jtag_uart_0 --stdout_dev jtag_uart_0 --sopc_system_name niosii --quartus_project_dir "C:/Users/Kelly/akelly/ENSEA/3A/MASTER/uec13_videocapsule/videocapsule/sopc" --sopcinfo C:/Users/Kelly/akelly/ENSEA/3A/MASTER/uec13_videocapsule/videocapsule/sopc/software/courbe_colorimetrie_bsp/../../niosii.sopcinfo
Info: (courbe_colorimetrie.elf) 30 KBytes program size (code + initialized data).
Info:                           90 KBytes free for stack + heap.
Info: Creating courbe_colorimetrie.objdump
nios2-elf-objdump --disassemble --syms --all-header --source courbe_colorimetrie.elf >courbe_colorimetrie.objdump
[courbe_colorimetrie build complete]
18:03:19 **** Incremental Build of configuration Nios II for project courbe_colorimetrie ****
make all 
Info: Building ../courbe_colorimetrie_bsp/
C:/altera/15.0/nios2eds/bin/gnu/H-x86_64-mingw32/bin/make --no-print-directory -C ../courbe_colorimetrie_bsp/
[BSP build complete]
Info: Compiling hello_world.c to obj/default/hello_world.o
nios2-elf-gcc -xc -MP -MMD -c -I../courbe_colorimetrie_bsp//HAL/inc -I../courbe_colorimetrie_bsp/ -I../courbe_colorimetrie_bsp//drivers/inc  -pipe -D__hal__ -DALT_NO_INSTRUCTION_EMULATION -DALT_SINGLE_THREADED    -O0 -g -Wall   -mno-hw-div -mhw-mul -mno-hw-mulx  -o obj/default/hello_world.o hello_world.c
Info: Linking courbe_colorimetrie.elf
nios2-elf-g++  -T'../courbe_colorimetrie_bsp//linker.x' -msys-crt0='../courbe_colorimetrie_bsp//obj/HAL/src/crt0.o' -msys-lib=hal_bsp -L../courbe_colorimetrie_bsp/   -Wl,-Map=courbe_colorimetrie.map   -O0 -g -Wall   -mno-hw-div -mhw-mul -mno-hw-mulx  -o courbe_colorimetrie.elf obj/default/display.o obj/default/hello_world.o -lm -msys-lib=m
nios2-elf-insert courbe_colorimetrie.elf --thread_model hal --cpu_name nios2_gen2_0 --qsys true --simulation_enabled false --id 0 --sidp 0x41050 --timestamp 1770327700 --stderr_dev jtag_uart_0 --stdin_dev jtag_uart_0 --stdout_dev jtag_uart_0 --sopc_system_name niosii --quartus_project_dir "C:/Users/Kelly/akelly/ENSEA/3A/MASTER/uec13_videocapsule/videocapsule/sopc" --sopcinfo C:/Users/Kelly/akelly/ENSEA/3A/MASTER/uec13_videocapsule/videocapsule/sopc/software/courbe_colorimetrie_bsp/../../niosii.sopcinfo
Info: (courbe_colorimetrie.elf) 30 KBytes program size (code + initialized data).
Info:                           90 KBytes free for stack + heap.
Info: Creating courbe_colorimetrie.objdump
nios2-elf-objdump --disassemble --syms --all-header --source courbe_colorimetrie.elf >courbe_colorimetrie.objdump
[courbe_colorimetrie build complete]
18:05:05 **** Incremental Build of configuration Nios II for project courbe_colorimetrie ****
make all 
Info: Building ../courbe_colorimetrie_bsp/
C:/altera/15.0/nios2eds/bin/gnu/H-x86_64-mingw32/bin/make --no-print-directory -C ../courbe_colorimetrie_bsp/
[BSP build complete]
Info: Compiling display.c to obj/default/display.o
nios2-elf-gcc -xc -MP -MMD -c -I../courbe_colorimetrie_bsp//HAL/inc -I../courbe_colorimetrie_bsp/ -I../courbe_colorimetrie_bsp//drivers/inc  -pipe -D__hal__ -DALT_NO_INSTRUCTION_EMULATION -DALT_SINGLE_THREADED    -O0 -g -Wall   -mno-hw-div -mhw-mul -mno-hw-mulx  -o obj/default/display.o display.c
Info: Compiling hello_world.c to obj/default/hello_world.o
nios2-elf-gcc -xc -MP -MMD -c -I../courbe_colorimetrie_bsp//HAL/inc -I../courbe_colorimetrie_bsp/ -I../courbe_colorimetrie_bsp//drivers/inc  -pipe -D__hal__ -DALT_NO_INSTRUCTION_EMULATION -DALT_SINGLE_THREADED    -O0 -g -Wall   -mno-hw-div -mhw-mul -mno-hw-mulx  -o obj/default/hello_world.o hello_world.c
Info: Linking courbe_colorimetrie.elf
nios2-elf-g++  -T'../courbe_colorimetrie_bsp//linker.x' -msys-crt0='../courbe_colorimetrie_bsp//obj/HAL/src/crt0.o' -msys-lib=hal_bsp -L../courbe_colorimetrie_bsp/   -Wl,-Map=courbe_colorimetrie.map   -O0 -g -Wall   -mno-hw-div -mhw-mul -mno-hw-mulx  -o courbe_colorimetrie.elf obj/default/display.o obj/default/hello_world.o -lm -msys-lib=m
nios2-elf-insert courbe_colorimetrie.elf --thread_model hal --cpu_name nios2_gen2_0 --qsys true --simulation_enabled false --id 0 --sidp 0x41050 --timestamp 1770327700 --stderr_dev jtag_uart_0 --stdin_dev jtag_uart_0 --stdout_dev jtag_uart_0 --sopc_system_name niosii --quartus_project_dir "C:/Users/Kelly/akelly/ENSEA/3A/MASTER/uec13_videocapsule/videocapsule/sopc" --sopcinfo C:/Users/Kelly/akelly/ENSEA/3A/MASTER/uec13_videocapsule/videocapsule/sopc/software/courbe_colorimetrie_bsp/../../niosii.sopcinfo
Info: (courbe_colorimetrie.elf) 30 KBytes program size (code + initialized data).
Info:                           90 KBytes free for stack + heap.
Info: Creating courbe_colorimetrie.objdump
nios2-elf-objdump --disassemble --syms --all-header --source courbe_colorimetrie.elf >courbe_colorimetrie.objdump
[courbe_colorimetrie build complete]
18:23:00 **** Incremental Build of configuration Nios II for project courbe_colorimetrie ****
make all 
Info: Building ../courbe_colorimetrie_bsp/
C:/altera/15.0/nios2eds/bin/gnu/H-x86_64-mingw32/bin/make --no-print-directory -C ../courbe_colorimetrie_bsp/
[BSP build complete]
[courbe_colorimetrie build complete]
