Info: Starting: Create block symbol file (.bsf)
Info: qsys-generate C:\Users\Kelly\akelly\ENSEA\3A\MASTER\uec13_videocapsule\videocapsule\sopc\niosii.qsys --block-symbol-file --output-directory=C:\Users\Kelly\akelly\ENSEA\3A\MASTER\uec13_videocapsule\videocapsule\sopc\niosii --family="Cyclone V" --part=5CSEBA6U23I7
Progress: Loading sopc/niosii.qsys
Progress: Reading input file
Progress: Adding clk_0 [clock_source 15.0]
Progress: Parameterizing module clk_0
Progress: Adding colorimetrie_0 [colorimetrie 1.0]
Progress: Parameterizing module colorimetrie_0
Progress: Adding jtag_uart_0 [altera_avalon_jtag_uart 15.0]
Progress: Parameterizing module jtag_uart_0
Progress: Adding nios2_gen2_0 [altera_nios2_gen2 15.0]
Progress: Parameterizing module nios2_gen2_0
Progress: Adding onchip_memory2_0 [altera_avalon_onchip_memory2 15.0]
Progress: Parameterizing module onchip_memory2_0
Progress: Adding pio_0 [altera_avalon_pio 15.0]
Progress: Parameterizing module pio_0
Progress: Adding sysid_qsys_0 [altera_avalon_sysid_qsys 15.0]
Progress: Parameterizing module sysid_qsys_0
Progress: Adding timer_0 [altera_avalon_timer 15.0]
Progress: Parameterizing module timer_0
Progress: Building connections
Progress: Parameterizing connections
Progress: Validating
Progress: Done reading input file
Info: niosii.sysid_qsys_0: System ID is not assigned automatically. Edit the System ID parameter to provide a unique ID
Info: niosii.sysid_qsys_0: Time stamp will be automatically updated when this component is generated.
Info: ip-generate succeeded.
Info: Finished: Create block symbol file (.bsf)
Info: 
Info: Starting: Create HDL design files for synthesis
Info: qsys-generate C:\Users\Kelly\akelly\ENSEA\3A\MASTER\uec13_videocapsule\videocapsule\sopc\niosii.qsys --synthesis=VHDL --output-directory=C:\Users\Kelly\akelly\ENSEA\3A\MASTER\uec13_videocapsule\videocapsule\sopc\niosii\synthesis --family="Cyclone V" --part=5CSEBA6U23I7
Progress: Loading sopc/niosii.qsys
Progress: Reading input file
Progress: Adding clk_0 [clock_source 15.0]
Progress: Parameterizing module clk_0
Progress: Adding colorimetrie_0 [colorimetrie 1.0]
Progress: Parameterizing module colorimetrie_0
Progress: Adding jtag_uart_0 [altera_avalon_jtag_uart 15.0]
Progress: Parameterizing module jtag_uart_0
Progress: Adding nios2_gen2_0 [altera_nios2_gen2 15.0]
Progress: Parameterizing module nios2_gen2_0
Progress: Adding onchip_memory2_0 [altera_avalon_onchip_memory2 15.0]
Progress: Parameterizing module onchip_memory2_0
Progress: Adding pio_0 [altera_avalon_pio 15.0]
Progress: Parameterizing module pio_0
Progress: Adding sysid_qsys_0 [altera_avalon_sysid_qsys 15.0]
Progress: Parameterizing module sysid_qsys_0
Progress: Adding timer_0 [altera_avalon_timer 15.0]
Progress: Parameterizing module timer_0
Progress: Building connections
Progress: Parameterizing connections
Progress: Validating
Progress: Done reading input file
Info: niosii.sysid_qsys_0: System ID is not assigned automatically. Edit the System ID parameter to provide a unique ID
Info: niosii.sysid_qsys_0: Time stamp will be automatically updated when this component is generated.
Info: niosii: Generating niosii "niosii" for QUARTUS_SYNTH
Info: colorimetrie_0: "niosii" instantiated colorimetrie "colorimetrie_0"
Info: jtag_uart_0: Starting RTL generation for module 'niosii_jtag_uart_0'
Info: jtag_uart_0:   Generation command is [exec C:/altera/15.0/quartus/bin64/perl/bin/perl.exe -I C:/altera/15.0/quartus/bin64/perl/lib -I C:/altera/15.0/quartus/sopc_builder/bin/europa -I C:/altera/15.0/quartus/sopc_builder/bin/perl_lib -I C:/altera/15.0/quartus/sopc_builder/bin -I C:/altera/15.0/quartus/../ip/altera/sopc_builder_ip/common -I C:/altera/15.0/quartus/../ip/altera/sopc_builder_ip/altera_avalon_jtag_uart -- C:/altera/15.0/quartus/../ip/altera/sopc_builder_ip/altera_avalon_jtag_uart/generate_rtl.pl --name=niosii_jtag_uart_0 --dir=C:/Users/Kelly/AppData/Local/Temp/alt0489_5044196977848877472.dir/0003_jtag_uart_0_gen/ --quartus_dir=C:/altera/15.0/quartus --verilog --config=C:/Users/Kelly/AppData/Local/Temp/alt0489_5044196977848877472.dir/0003_jtag_uart_0_gen//niosii_jtag_uart_0_component_configuration.pl  --do_build_sim=0  ]
Info: jtag_uart_0: Done RTL generation for module 'niosii_jtag_uart_0'
Info: jtag_uart_0: "niosii" instantiated altera_avalon_jtag_uart "jtag_uart_0"
Info: nios2_gen2_0: "niosii" instantiated altera_nios2_gen2 "nios2_gen2_0"
Info: onchip_memory2_0: Starting RTL generation for module 'niosii_onchip_memory2_0'
Info: onchip_memory2_0:   Generation command is [exec C:/altera/15.0/quartus/bin64/perl/bin/perl.exe -I C:/altera/15.0/quartus/bin64/perl/lib -I C:/altera/15.0/quartus/sopc_builder/bin/europa -I C:/altera/15.0/quartus/sopc_builder/bin/perl_lib -I C:/altera/15.0/quartus/sopc_builder/bin -I C:/altera/15.0/quartus/../ip/altera/sopc_builder_ip/common -I C:/altera/15.0/quartus/../ip/altera/sopc_builder_ip/altera_avalon_onchip_memory2 -- C:/altera/15.0/quartus/../ip/altera/sopc_builder_ip/altera_avalon_onchip_memory2/generate_rtl.pl --name=niosii_onchip_memory2_0 --dir=C:/Users/Kelly/AppData/Local/Temp/alt0489_5044196977848877472.dir/0004_onchip_memory2_0_gen/ --quartus_dir=C:/altera/15.0/quartus --verilog --config=C:/Users/Kelly/AppData/Local/Temp/alt0489_5044196977848877472.dir/0004_onchip_memory2_0_gen//niosii_onchip_memory2_0_component_configuration.pl  --do_build_sim=0  ]
Info: onchip_memory2_0: Done RTL generation for module 'niosii_onchip_memory2_0'
Info: onchip_memory2_0: "niosii" instantiated altera_avalon_onchip_memory2 "onchip_memory2_0"
Info: pio_0: Starting RTL generation for module 'niosii_pio_0'
Info: pio_0:   Generation command is [exec C:/altera/15.0/quartus/bin64/perl/bin/perl.exe -I C:/altera/15.0/quartus/bin64/perl/lib -I C:/altera/15.0/quartus/sopc_builder/bin/europa -I C:/altera/15.0/quartus/sopc_builder/bin/perl_lib -I C:/altera/15.0/quartus/sopc_builder/bin -I C:/altera/15.0/quartus/../ip/altera/sopc_builder_ip/common -I C:/altera/15.0/quartus/../ip/altera/sopc_builder_ip/altera_avalon_pio -- C:/altera/15.0/quartus/../ip/altera/sopc_builder_ip/altera_avalon_pio/generate_rtl.pl --name=niosii_pio_0 --dir=C:/Users/Kelly/AppData/Local/Temp/alt0489_5044196977848877472.dir/0005_pio_0_gen/ --quartus_dir=C:/altera/15.0/quartus --verilog --config=C:/Users/Kelly/AppData/Local/Temp/alt0489_5044196977848877472.dir/0005_pio_0_gen//niosii_pio_0_component_configuration.pl  --do_build_sim=0  ]
Info: pio_0: Done RTL generation for module 'niosii_pio_0'
Info: pio_0: "niosii" instantiated altera_avalon_pio "pio_0"
Info: sysid_qsys_0: "niosii" instantiated altera_avalon_sysid_qsys "sysid_qsys_0"
Info: timer_0: Starting RTL generation for module 'niosii_timer_0'
Info: timer_0:   Generation command is [exec C:/altera/15.0/quartus/bin64//perl/bin/perl.exe -I C:/altera/15.0/quartus/bin64//perl/lib -I C:/altera/15.0/quartus/sopc_builder/bin/europa -I C:/altera/15.0/quartus/sopc_builder/bin/perl_lib -I C:/altera/15.0/quartus/sopc_builder/bin -I C:/altera/15.0/quartus/../ip/altera/sopc_builder_ip/common -I C:/altera/15.0/quartus/../ip/altera/sopc_builder_ip/altera_avalon_timer -- C:/altera/15.0/quartus/../ip/altera/sopc_builder_ip/altera_avalon_timer/generate_rtl.pl --name=niosii_timer_0 --dir=C:/Users/Kelly/AppData/Local/Temp/alt0489_5044196977848877472.dir/0007_timer_0_gen/ --quartus_dir=C:/altera/15.0/quartus --verilog --config=C:/Users/Kelly/AppData/Local/Temp/alt0489_5044196977848877472.dir/0007_timer_0_gen//niosii_timer_0_component_configuration.pl  --do_build_sim=0  ]
Info: timer_0: Done RTL generation for module 'niosii_timer_0'
Info: timer_0: "niosii" instantiated altera_avalon_timer "timer_0"
Info: avalon_st_adapter: Inserting error_adapter: error_adapter_0
Info: avalon_st_adapter_001: Inserting error_adapter: error_adapter_0
Info: avalon_st_adapter_002: Inserting error_adapter: error_adapter_0
Info: avalon_st_adapter_003: Inserting error_adapter: error_adapter_0
Info: avalon_st_adapter_004: Inserting error_adapter: error_adapter_0
Info: avalon_st_adapter_005: Inserting error_adapter: error_adapter_0
Info: avalon_st_adapter_006: Inserting error_adapter: error_adapter_0
Info: mm_interconnect_0: "niosii" instantiated altera_mm_interconnect "mm_interconnect_0"
Info: irq_mapper: "niosii" instantiated altera_irq_mapper "irq_mapper"
Info: rst_controller: "niosii" instantiated altera_reset_controller "rst_controller"
Info: cpu: Starting RTL generation for module 'niosii_nios2_gen2_0_cpu'
Info: cpu:   Generation command is [exec C:/altera/15.0/quartus/bin64/eperlcmd.exe -I C:/altera/15.0/quartus/bin64/perl/lib -I C:/altera/15.0/quartus/sopc_builder/bin/europa -I C:/altera/15.0/quartus/sopc_builder/bin/perl_lib -I C:/altera/15.0/quartus/sopc_builder/bin -I C:/altera/15.0/quartus/../ip/altera/nios2_ip/altera_nios2_gen2/cpu_lib -I C:/altera/15.0/quartus/../ip/altera/nios2_ip/altera_nios2_gen2/nios_lib -I C:/altera/15.0/quartus/../ip/altera/nios2_ip/altera_nios2_gen2 -I C:/altera/15.0/quartus/../ip/altera/nios2_ip/altera_nios2_gen2 -- C:/altera/15.0/quartus/../ip/altera/nios2_ip/altera_nios2_gen2/generate_rtl.epl --name=niosii_nios2_gen2_0_cpu --dir=C:/Users/Kelly/AppData/Local/Temp/alt0489_5044196977848877472.dir/0010_cpu_gen/ --quartus_bindir=C:/altera/15.0/quartus/bin64 --verilog --config=C:/Users/Kelly/AppData/Local/Temp/alt0489_5044196977848877472.dir/0010_cpu_gen//niosii_nios2_gen2_0_cpu_processor_configuration.pl  --do_build_sim=0  ]
Info: cpu: # 2026.02.05 22:41:55 (*) Starting Nios II generation
Info: cpu: # 2026.02.05 22:41:55 (*)   Checking for plaintext license.
Info: cpu: # 2026.02.05 22:41:57 (*)   Couldn't query license setup in Quartus directory C:/altera/15.0/quartus/bin64
Info: cpu: # 2026.02.05 22:41:57 (*)   Defaulting to contents of LM_LICENSE_FILE environment variable
Info: cpu: # 2026.02.05 22:41:57 (*)   LM_LICENSE_FILE environment variable is empty
Info: cpu: # 2026.02.05 22:41:57 (*)   Plaintext license not found.
Info: cpu: # 2026.02.05 22:41:57 (*)   Checking for encrypted license (non-evaluation).
Info: cpu: # 2026.02.05 22:41:58 (*)   Couldn't query license setup in Quartus directory C:/altera/15.0/quartus/bin64
Info: cpu: # 2026.02.05 22:41:58 (*)   Defaulting to contents of LM_LICENSE_FILE environment variable
Info: cpu: # 2026.02.05 22:41:58 (*)   LM_LICENSE_FILE environment variable is empty
Info: cpu: # 2026.02.05 22:41:58 (*)   Encrypted license not found.  Defaulting to OCP evaluation license (produces a time-limited SOF)
Info: cpu: # 2026.02.05 22:41:58 (*)   Elaborating CPU configuration settings
Info: cpu: # 2026.02.05 22:41:58 (*)   Creating all objects for CPU
Info: cpu: # 2026.02.05 22:41:58 (*)     Testbench
Info: cpu: # 2026.02.05 22:41:59 (*)     Instruction decoding
Info: cpu: # 2026.02.05 22:41:59 (*)       Instruction fields
Info: cpu: # 2026.02.05 22:41:59 (*)       Instruction decodes
Info: cpu: # 2026.02.05 22:41:59 (*)       Signals for RTL simulation waveforms
Info: cpu: # 2026.02.05 22:41:59 (*)       Instruction controls
Info: cpu: # 2026.02.05 22:41:59 (*)     Pipeline frontend
Info: cpu: # 2026.02.05 22:41:59 (*)     Pipeline backend
Info: cpu: # 2026.02.05 22:42:02 (*)   Generating RTL from CPU objects
Info: cpu: # 2026.02.05 22:42:05 (*)   Creating encrypted RTL
Info: cpu: # 2026.02.05 22:42:06 (*) Done Nios II generation
Info: cpu: Done RTL generation for module 'niosii_nios2_gen2_0_cpu'
Info: cpu: "nios2_gen2_0" instantiated altera_nios2_gen2_unit "cpu"
Info: nios2_gen2_0_data_master_translator: "mm_interconnect_0" instantiated altera_merlin_master_translator "nios2_gen2_0_data_master_translator"
Info: jtag_uart_0_avalon_jtag_slave_translator: "mm_interconnect_0" instantiated altera_merlin_slave_translator "jtag_uart_0_avalon_jtag_slave_translator"
Info: nios2_gen2_0_data_master_agent: "mm_interconnect_0" instantiated altera_merlin_master_agent "nios2_gen2_0_data_master_agent"
Info: jtag_uart_0_avalon_jtag_slave_agent: "mm_interconnect_0" instantiated altera_merlin_slave_agent "jtag_uart_0_avalon_jtag_slave_agent"
Info: jtag_uart_0_avalon_jtag_slave_agent_rsp_fifo: "mm_interconnect_0" instantiated altera_avalon_sc_fifo "jtag_uart_0_avalon_jtag_slave_agent_rsp_fifo"
Info: router: "mm_interconnect_0" instantiated altera_merlin_router "router"
Info: router_001: "mm_interconnect_0" instantiated altera_merlin_router "router_001"
Info: router_002: "mm_interconnect_0" instantiated altera_merlin_router "router_002"
Info: router_005: "mm_interconnect_0" instantiated altera_merlin_router "router_005"
Info: nios2_gen2_0_data_master_limiter: "mm_interconnect_0" instantiated altera_merlin_traffic_limiter "nios2_gen2_0_data_master_limiter"
Info: Reusing file C:/Users/Kelly/akelly/ENSEA/3A/MASTER/uec13_videocapsule/videocapsule/sopc/niosii/synthesis/submodules/altera_avalon_sc_fifo.v
Info: cmd_demux: "mm_interconnect_0" instantiated altera_merlin_demultiplexer "cmd_demux"
Info: cmd_demux_001: "mm_interconnect_0" instantiated altera_merlin_demultiplexer "cmd_demux_001"
Info: cmd_mux: "mm_interconnect_0" instantiated altera_merlin_multiplexer "cmd_mux"
Info: cmd_mux_003: "mm_interconnect_0" instantiated altera_merlin_multiplexer "cmd_mux_003"
Info: Reusing file C:/Users/Kelly/akelly/ENSEA/3A/MASTER/uec13_videocapsule/videocapsule/sopc/niosii/synthesis/submodules/altera_merlin_arbitrator.sv
Info: rsp_demux: "mm_interconnect_0" instantiated altera_merlin_demultiplexer "rsp_demux"
Info: rsp_demux_003: "mm_interconnect_0" instantiated altera_merlin_demultiplexer "rsp_demux_003"
Info: rsp_mux: "mm_interconnect_0" instantiated altera_merlin_multiplexer "rsp_mux"
Info: Reusing file C:/Users/Kelly/akelly/ENSEA/3A/MASTER/uec13_videocapsule/videocapsule/sopc/niosii/synthesis/submodules/altera_merlin_arbitrator.sv
Info: rsp_mux_001: "mm_interconnect_0" instantiated altera_merlin_multiplexer "rsp_mux_001"
Info: Reusing file C:/Users/Kelly/akelly/ENSEA/3A/MASTER/uec13_videocapsule/videocapsule/sopc/niosii/synthesis/submodules/altera_merlin_arbitrator.sv
Info: avalon_st_adapter: "mm_interconnect_0" instantiated altera_avalon_st_adapter "avalon_st_adapter"
Info: error_adapter_0: "avalon_st_adapter" instantiated error_adapter "error_adapter_0"
Info: niosii: Done "niosii" with 32 modules, 54 files
Info: ip-generate succeeded.
Info: Finished: Create HDL design files for synthesis
