EDA Netlist Writer report for videocapsule
Thu Jan 29 16:53:06 2026
Quartus II 64-Bit Version 15.0.0 Build 145 04/22/2015 SJ Web Edition


---------------------
; Table of Contents ;
---------------------
  1. Legal Notice
  2. EDA Netlist Writer Summary
  3. EDA Netlist Writer Messages



----------------
; Legal Notice ;
----------------
Copyright (C) 1991-2015 Altera Corporation. All rights reserved.
Your use of Altera Corporation's design tools, logic functions 
and other software and tools, and its AMPP partner logic 
functions, and any output files from any of the foregoing 
(including device programming or simulation files), and any 
associated documentation or information are expressly subject 
to the terms and conditions of the Altera Program License 
Subscription Agreement, the Altera Quartus II License Agreement,
the Altera MegaCore Function License Agreement, or other 
applicable license agreement, including, without limitation, 
that your use is for the sole purpose of programming logic 
devices manufactured by Altera and sold by Altera or its 
authorized distributors.  Please refer to the applicable 
agreement for further details.



+---------------------------------------------------------------+
; EDA Netlist Writer Summary                                    ;
+---------------------------+-----------------------------------+
; EDA Netlist Writer Status ; Failed - Thu Jan 29 16:53:06 2026 ;
; Revision Name             ; videocapsule                      ;
; Top-level Entity Name     ; videocapsule                      ;
; Family                    ; Cyclone V                         ;
+---------------------------+-----------------------------------+


+-----------------------------+
; EDA Netlist Writer Messages ;
+-----------------------------+
Info: *******************************************************************
Info: Running Quartus II 64-Bit EDA Netlist Writer
    Info: Version 15.0.0 Build 145 04/22/2015 SJ Web Edition
    Info: Processing started: Thu Jan 29 16:53:04 2026
Info: Command: quartus_eda --read_settings_files=off --write_settings_files=off videocapsule -c videocapsule
Error (204012): Can't generate netlist output files because the file "C:/Users/Kelly/akelly/ENSEA/3A/MASTER/uec13_videocapsule/videocapsule/sopc/niosii/synthesis/submodules/niosii_nios2_gen2_0_cpu.v" is an OpenCore Plus time-limited file
Error (204009): Can't generate netlist output files because the license for encrypted file "C:/Users/Kelly/akelly/ENSEA/3A/MASTER/uec13_videocapsule/videocapsule/sopc/niosii/synthesis/submodules/niosii_nios2_gen2_0_cpu.v" is not available
Error (204012): Can't generate netlist output files because the file "C:/Users/Kelly/akelly/ENSEA/3A/MASTER/uec13_videocapsule/videocapsule/sopc/niosii/synthesis/submodules/niosii_nios2_gen2_0_cpu.v" is an OpenCore Plus time-limited file
Error (204009): Can't generate netlist output files because the license for encrypted file "C:/Users/Kelly/akelly/ENSEA/3A/MASTER/uec13_videocapsule/videocapsule/sopc/niosii/synthesis/submodules/niosii_nios2_gen2_0_cpu.v" is not available
Error (204012): Can't generate netlist output files because the file "C:/Users/Kelly/akelly/ENSEA/3A/MASTER/uec13_videocapsule/videocapsule/sopc/niosii/synthesis/submodules/niosii_nios2_gen2_0_cpu.v" is an OpenCore Plus time-limited file
Error (204009): Can't generate netlist output files because the license for encrypted file "C:/Users/Kelly/akelly/ENSEA/3A/MASTER/uec13_videocapsule/videocapsule/sopc/niosii/synthesis/submodules/niosii_nios2_gen2_0_cpu.v" is not available
Error: Quartus II 64-Bit EDA Netlist Writer was unsuccessful. 6 errors, 0 warnings
    Error: Peak virtual memory: 4850 megabytes
    Error: Processing ended: Thu Jan 29 16:53:06 2026
    Error: Elapsed time: 00:00:02
    Error: Total CPU time (on all processors): 00:00:03


