Flow report for videocapsule
Fri Feb 13 17:58:53 2026
Quartus II 64-Bit Version 15.0.0 Build 145 04/22/2015 SJ Web Edition


---------------------
; Table of Contents ;
---------------------
  1. Legal Notice
  2. Flow Summary
  3. Flow Settings
  4. Flow Non-Default Global Settings
  5. Flow Elapsed Time
  6. Flow OS Summary
  7. Flow Log
  8. Flow Messages
  9. Flow Suppressed Messages



----------------
; Legal Notice ;
----------------
Copyright (C) 1991-2015 Altera Corporation. All rights reserved.
Your use of Altera Corporation's design tools, logic functions 
and other software and tools, and its AMPP partner logic 
functions, and any output files from any of the foregoing 
(including device programming or simulation files), and any 
associated documentation or information are expressly subject 
to the terms and conditions of the Altera Program License 
Subscription Agreement, the Altera Quartus II License Agreement,
the Altera MegaCore Function License Agreement, or other 
applicable license agreement, including, without limitation, 
that your use is for the sole purpose of programming logic 
devices manufactured by Altera and sold by Altera or its 
authorized distributors.  Please refer to the applicable 
agreement for further details.



+------------------------------------------------------------------------------+
; Flow Summary                                                                 ;
+---------------------------------+--------------------------------------------+
; Flow Status                     ; Successful - Fri Feb 13 17:58:15 2026      ;
; Quartus II 64-Bit Version       ; 15.0.0 Build 145 04/22/2015 SJ Web Edition ;
; Revision Name                   ; videocapsule                               ;
; Top-level Entity Name           ; videocapsule                               ;
; Family                          ; Cyclone V                                  ;
; Device                          ; 5CSEBA6U23I7                               ;
; Timing Models                   ; Final                                      ;
; Logic utilization (in ALMs)     ; 2,494 / 41,910 ( 6 % )                     ;
; Total registers                 ; 2423                                       ;
; Total pins                      ; 40 / 314 ( 13 % )                          ;
; Total virtual pins              ; 0                                          ;
; Total block memory bits         ; 3,859,840 / 5,662,720 ( 68 % )             ;
; Total DSP Blocks                ; 3 / 112 ( 3 % )                            ;
; Total HSSI RX PCSs              ; 0                                          ;
; Total HSSI PMA RX Deserializers ; 0                                          ;
; Total HSSI TX PCSs              ; 0                                          ;
; Total HSSI PMA TX Serializers   ; 0                                          ;
; Total PLLs                      ; 1 / 6 ( 17 % )                             ;
; Total DLLs                      ; 0 / 4 ( 0 % )                              ;
+---------------------------------+--------------------------------------------+


+-----------------------------------------+
; Flow Settings                           ;
+-------------------+---------------------+
; Option            ; Setting             ;
+-------------------+---------------------+
; Start date & time ; 02/13/2026 17:53:28 ;
; Main task         ; Compilation         ;
; Revision Name     ; videocapsule        ;
+-------------------+---------------------+


+-------------------------------------------------------------------------------------------------------------------------------------------+
; Flow Non-Default Global Settings                                                                                                          ;
+-------------------------------------+----------------------------------------------------------+---------------+-------------+------------+
; Assignment Name                     ; Value                                                    ; Default Value ; Entity Name ; Section Id ;
+-------------------------------------+----------------------------------------------------------+---------------+-------------+------------+
; COMPILER_SIGNATURE_ID               ; 10995770589186.177100160721596                           ; --            ; --          ; --         ;
; MAX_CORE_JUNCTION_TEMP              ; 100                                                      ; --            ; --          ; --         ;
; MIN_CORE_JUNCTION_TEMP              ; -40                                                      ; --            ; --          ; --         ;
; MISC_FILE                           ; pll/pll.cmp                                              ; --            ; --          ; --         ;
; MISC_FILE                           ; sopc/niosii/synthesis/../niosii.cmp                      ; --            ; --          ; --         ;
; MISC_FILE                           ; sopc/niosii/synthesis/../../niosii.qsys                  ; --            ; --          ; --         ;
; MISC_FILE                           ; ram_affichage.bsf                                        ; --            ; --          ; --         ;
; MISC_FILE                           ; ram_affichage.cmp                                        ; --            ; --          ; --         ;
; MISC_FILE                           ; count.bsf                                                ; --            ; --          ; --         ;
; MISC_FILE                           ; count.cmp                                                ; --            ; --          ; --         ;
; MISC_FILE                           ; pll2/pll2.cmp                                            ; --            ; --          ; --         ;
; MISC_FILE                           ; pll2/pll2_sim/pll2.vho                                   ; --            ; --          ; --         ;
; PARTITION_COLOR                     ; 16764057                                                 ; --            ; --          ; Top        ;
; PARTITION_FITTER_PRESERVATION_LEVEL ; PLACEMENT_AND_ROUTING                                    ; --            ; --          ; Top        ;
; PARTITION_NETLIST_TYPE              ; SOURCE                                                   ; --            ; --          ; Top        ;
; POWER_BOARD_THERMAL_MODEL           ; None (CONSERVATIVE)                                      ; --            ; --          ; --         ;
; POWER_PRESET_COOLING_SOLUTION       ; 23 MM HEAT SINK WITH 200 LFPM AIRFLOW                    ; --            ; --          ; --         ;
; PROJECT_OUTPUT_DIRECTORY            ; output_files                                             ; --            ; --          ; --         ;
; SLD_FILE                            ; sopc/niosii/synthesis/niosii.regmap                      ; --            ; --          ; --         ;
; SLD_FILE                            ; sopc/niosii/synthesis/niosii.debuginfo                   ; --            ; --          ; --         ;
; SLD_INFO                            ; QSYS_NAME niosii HAS_SOPCINFO 1 GENERATION_ID 1770327700 ; --            ; niosii      ; --         ;
; SOPCINFO_FILE                       ; sopc/niosii/synthesis/../../niosii.sopcinfo              ; --            ; --          ; --         ;
; SPD_FILE                            ; pll2/pll2.spd                                            ; --            ; --          ; --         ;
; SYNTHESIS_ONLY_QIP                  ; On                                                       ; --            ; --          ; --         ;
; SYNTHESIS_ONLY_QIP                  ; On                                                       ; --            ; --          ; --         ;
; SYNTHESIS_ONLY_QIP                  ; On                                                       ; --            ; --          ; --         ;
+-------------------------------------+----------------------------------------------------------+---------------+-------------+------------+


+-------------------------------------------------------------------------------------------------------------------------------+
; Flow Elapsed Time                                                                                                             ;
+---------------------------+--------------+-------------------------+---------------------+------------------------------------+
; Module Name               ; Elapsed Time ; Average Processors Used ; Peak Virtual Memory ; Total CPU Time (on all processors) ;
+---------------------------+--------------+-------------------------+---------------------+------------------------------------+
; Analysis & Synthesis      ; 00:01:43     ; 1.0                     ; 5140 MB             ; 00:02:01                           ;
; Fitter                    ; 00:02:17     ; 2.2                     ; 7221 MB             ; 00:07:40                           ;
; Assembler                 ; 00:00:40     ; 1.0                     ; 4996 MB             ; 00:00:38                           ;
; TimeQuest Timing Analyzer ; 00:00:36     ; 3.1                     ; 5593 MB             ; 00:01:23                           ;
; Total                     ; 00:05:16     ; --                      ; --                  ; 00:11:42                           ;
+---------------------------+--------------+-------------------------+---------------------+------------------------------------+


+----------------------------------------------------------------------------------------+
; Flow OS Summary                                                                        ;
+---------------------------+------------------+-----------+------------+----------------+
; Module Name               ; Machine Hostname ; OS Name   ; OS Version ; Processor type ;
+---------------------------+------------------+-----------+------------+----------------+
; Analysis & Synthesis      ; DESKTOP-KELLY    ; Windows 7 ; 6.2        ; x86_64         ;
; Fitter                    ; DESKTOP-KELLY    ; Windows 7 ; 6.2        ; x86_64         ;
; Assembler                 ; DESKTOP-KELLY    ; Windows 7 ; 6.2        ; x86_64         ;
; TimeQuest Timing Analyzer ; DESKTOP-KELLY    ; Windows 7 ; 6.2        ; x86_64         ;
+---------------------------+------------------+-----------+------------+----------------+


------------
; Flow Log ;
------------
quartus_map --read_settings_files=on --write_settings_files=off videocapsule -c videocapsule
quartus_fit --read_settings_files=off --write_settings_files=off videocapsule -c videocapsule
quartus_asm --read_settings_files=off --write_settings_files=off videocapsule -c videocapsule
quartus_sta videocapsule -c videocapsule



